Archive member included to satisfy reference by file (symbol)

C:/ST/STM32CubeIDE_2.0.0/STM32CubeIDE/plugins/com.st.stm32cube.ide.mcu.externaltools.gnu-tools-for-stm32.14.3.rel1.win32_1.0.100.202602081740/tools/bin/../lib/gcc/arm-none-eabi/14.3.1/../../../../arm-none-eabi/lib/thumb/v7e-m+fp/hard\libm.a(libm_a-sf_fmax.o)
                              ./Core/Src/RobotCore.o (fmaxf)
C:/ST/STM32CubeIDE_2.0.0/STM32CubeIDE/plugins/com.st.stm32cube.ide.mcu.externaltools.gnu-tools-for-stm32.14.3.rel1.win32_1.0.100.202602081740/tools/bin/../lib/gcc/arm-none-eabi/14.3.1/../../../../arm-none-eabi/lib/thumb/v7e-m+fp/hard\libm.a(libm_a-sf_fpclassify.o)
                              C:/ST/STM32CubeIDE_2.0.0/STM32CubeIDE/plugins/com.st.stm32cube.ide.mcu.externaltools.gnu-tools-for-stm32.14.3.rel1.win32_1.0.100.202602081740/tools/bin/../lib/gcc/arm-none-eabi/14.3.1/../../../../arm-none-eabi/lib/thumb/v7e-m+fp/hard\libm.a(libm_a-sf_fmax.o) (__fpclassifyf)
C:/ST/STM32CubeIDE_2.0.0/STM32CubeIDE/plugins/com.st.stm32cube.ide.mcu.externaltools.gnu-tools-for-stm32.14.3.rel1.win32_1.0.100.202602081740/tools/bin/../lib/gcc/arm-none-eabi/14.3.1/../../../../arm-none-eabi/lib/thumb/v7e-m+fp/hard\libc_nano.a(libc_a-exit.o)
                              C:/ST/STM32CubeIDE_2.0.0/STM32CubeIDE/plugins/com.st.stm32cube.ide.mcu.externaltools.gnu-tools-for-stm32.14.3.rel1.win32_1.0.100.202602081740/tools/bin/../lib/gcc/arm-none-eabi/14.3.1/../../../../arm-none-eabi/lib/thumb/v7e-m+fp/hard/crt0.o (exit)
C:/ST/STM32CubeIDE_2.0.0/STM32CubeIDE/plugins/com.st.stm32cube.ide.mcu.externaltools.gnu-tools-for-stm32.14.3.rel1.win32_1.0.100.202602081740/tools/bin/../lib/gcc/arm-none-eabi/14.3.1/../../../../arm-none-eabi/lib/thumb/v7e-m+fp/hard\libc_nano.a(libc_a-findfp.o)
                              ./Middlewares/Third_Party/FreeRTOS/Source/tasks.o (__sf)
C:/ST/STM32CubeIDE_2.0.0/STM32CubeIDE/plugins/com.st.stm32cube.ide.mcu.externaltools.gnu-tools-for-stm32.14.3.rel1.win32_1.0.100.202602081740/tools/bin/../lib/gcc/arm-none-eabi/14.3.1/../../../../arm-none-eabi/lib/thumb/v7e-m+fp/hard\libc_nano.a(libc_a-fwalk.o)
                              C:/ST/STM32CubeIDE_2.0.0/STM32CubeIDE/plugins/com.st.stm32cube.ide.mcu.externaltools.gnu-tools-for-stm32.14.3.rel1.win32_1.0.100.202602081740/tools/bin/../lib/gcc/arm-none-eabi/14.3.1/../../../../arm-none-eabi/lib/thumb/v7e-m+fp/hard\libc_nano.a(libc_a-findfp.o) (_fwalk_sglue)
C:/ST/STM32CubeIDE_2.0.0/STM32CubeIDE/plugins/com.st.stm32cube.ide.mcu.externaltools.gnu-tools-for-stm32.14.3.rel1.win32_1.0.100.202602081740/tools/bin/../lib/gcc/arm-none-eabi/14.3.1/../../../../arm-none-eabi/lib/thumb/v7e-m+fp/hard\libc_nano.a(libc_a-stdio.o)
                              C:/ST/STM32CubeIDE_2.0.0/STM32CubeIDE/plugins/com.st.stm32cube.ide.mcu.externaltools.gnu-tools-for-stm32.14.3.rel1.win32_1.0.100.202602081740/tools/bin/../lib/gcc/arm-none-eabi/14.3.1/../../../../arm-none-eabi/lib/thumb/v7e-m+fp/hard\libc_nano.a(libc_a-findfp.o) (__sread)
C:/ST/STM32CubeIDE_2.0.0/STM32CubeIDE/plugins/com.st.stm32cube.ide.mcu.externaltools.gnu-tools-for-stm32.14.3.rel1.win32_1.0.100.202602081740/tools/bin/../lib/gcc/arm-none-eabi/14.3.1/../../../../arm-none-eabi/lib/thumb/v7e-m+fp/hard\libc_nano.a(libc_a-memset.o)
                              C:/ST/STM32CubeIDE_2.0.0/STM32CubeIDE/plugins/com.st.stm32cube.ide.mcu.externaltools.gnu-tools-for-stm32.14.3.rel1.win32_1.0.100.202602081740/tools/bin/../lib/gcc/arm-none-eabi/14.3.1/../../../../arm-none-eabi/lib/thumb/v7e-m+fp/hard/crt0.o (memset)
C:/ST/STM32CubeIDE_2.0.0/STM32CubeIDE/plugins/com.st.stm32cube.ide.mcu.externaltools.gnu-tools-for-stm32.14.3.rel1.win32_1.0.100.202602081740/tools/bin/../lib/gcc/arm-none-eabi/14.3.1/../../../../arm-none-eabi/lib/thumb/v7e-m+fp/hard\libc_nano.a(libc_a-closer.o)
                              C:/ST/STM32CubeIDE_2.0.0/STM32CubeIDE/plugins/com.st.stm32cube.ide.mcu.externaltools.gnu-tools-for-stm32.14.3.rel1.win32_1.0.100.202602081740/tools/bin/../lib/gcc/arm-none-eabi/14.3.1/../../../../arm-none-eabi/lib/thumb/v7e-m+fp/hard\libc_nano.a(libc_a-stdio.o) (_close_r)
C:/ST/STM32CubeIDE_2.0.0/STM32CubeIDE/plugins/com.st.stm32cube.ide.mcu.externaltools.gnu-tools-for-stm32.14.3.rel1.win32_1.0.100.202602081740/tools/bin/../lib/gcc/arm-none-eabi/14.3.1/../../../../arm-none-eabi/lib/thumb/v7e-m+fp/hard\libc_nano.a(libc_a-reent.o)
                              ./Middlewares/Third_Party/FreeRTOS/Source/tasks.o (_reclaim_reent)
C:/ST/STM32CubeIDE_2.0.0/STM32CubeIDE/plugins/com.st.stm32cube.ide.mcu.externaltools.gnu-tools-for-stm32.14.3.rel1.win32_1.0.100.202602081740/tools/bin/../lib/gcc/arm-none-eabi/14.3.1/../../../../arm-none-eabi/lib/thumb/v7e-m+fp/hard\libc_nano.a(libc_a-impure.o)
                              ./Middlewares/Third_Party/FreeRTOS/Source/tasks.o (_impure_ptr)
[...]
Memory Configuration

Name             Origin             Length             Attributes
CCMRAM           0x10000000         0x00010000         xrw
RAM              0x20000000         0x00020000         xrw
FLASH            0x08000000         0x00100000         xr
*default*        0x00000000         0xffffffff

Linker script and memory map

LOAD C:/ST/STM32CubeIDE_2.0.0/STM32CubeIDE/plugins/com.st.stm32cube.ide.mcu.externaltools.gnu-tools-for-stm32.14.3.rel1.win32_1.0.100.202602081740/tools/bin/../lib/gcc/arm-none-eabi/14.3.1/thumb/v7e-m+fp/hard/crti.o
LOAD C:/ST/STM32CubeIDE_2.0.0/STM32CubeIDE/plugins/com.st.stm32cube.ide.mcu.externaltools.gnu-tools-for-stm32.14.3.rel1.win32_1.0.100.202602081740/tools/bin/../lib/gcc/arm-none-eabi/14.3.1/thumb/v7e-m+fp/hard/crtbegin.o
LOAD C:/ST/STM32CubeIDE_2.0.0/STM32CubeIDE/plugins/com.st.stm32cube.ide.mcu.externaltools.gnu-tools-for-stm32.14.3.rel1.win32_1.0.100.202602081740/tools/bin/../lib/gcc/arm-none-eabi/14.3.1/../../../../arm-none-eabi/lib/thumb/v7e-m+fp/hard/crt0.o
LOAD ./Core/Src/RobotCore.o
LOAD ./Core/Src/adc.o
LOAD ./Core/Src/dma.o
LOAD ./Core/Src/freertos.o
LOAD ./Core/Src/gpio.o
LOAD ./Core/Src/i2c.o
LOAD ./Core/Src/main.o
LOAD ./Core/Src/spi.o
LOAD ./Core/Src/stm32f4xx_hal_msp.o
LOAD ./Core/Src/stm32f4xx_hal_timebase_tim.o
LOAD ./Core/Src/stm32f4xx_it.o
LOAD ./Core/Src/syscalls.o
LOAD ./Core/Src/sysmem.o
LOAD ./Core/Src/system_stm32f4xx.o
LOAD ./Core/Src/tim.o
LOAD ./Core/Src/usart.o
LOAD ./Core/Startup/startup_stm32f407vgtx.o
LOAD ./Drivers/STM32F4xx_HAL_Driver/Src/stm32f4xx_hal.o
LOAD ./Drivers/STM32F4xx_HAL_Driver/Src/stm32f4xx_hal_adc.o
LOAD ./Drivers/STM32F4xx_HAL_Driver/Src/stm32f4xx_hal_adc_ex.o
LOAD ./Drivers/STM32F4xx_HAL_Driver/Src/stm32f4xx_hal_cortex.o
LOAD ./Drivers/STM32F4xx_HAL_Driver/Src/stm32f4xx_hal_dma.o
LOAD ./Drivers/STM32F4xx_HAL_Driver/Src/stm32f4xx_hal_dma_ex.o
LOAD ./Drivers/STM32F4xx_HAL_Driver/Src/stm32f4xx_hal_exti.o
LOAD ./Drivers/STM32F4xx_HAL_Driver/Src/stm32f4xx_hal_flash.o
LOAD ./Drivers/STM32F4xx_HAL_Driver/Src/stm32f4xx_hal_flash_ex.o
LOAD ./Drivers/STM32F4xx_HAL_Driver/Src/stm32f4xx_hal_flash_ramfunc.o
LOAD ./Drivers/STM32F4xx_HAL_Driver/Src/stm32f4xx_hal_gpio.o
LOAD ./Drivers/STM32F4xx_HAL_Driver/Src/stm32f4xx_hal_i2c.o
LOAD ./Drivers/STM32F4xx_HAL_Driver/Src/stm32f4xx_hal_i2c_ex.o
LOAD ./Drivers/STM32F4xx_HAL_Driver/Src/stm32f4xx_hal_pcd.o
LOAD ./Drivers/STM32F4xx_HAL_Driver/Src/stm32f4xx_hal_pcd_ex.o
LOAD ./Drivers/STM32F4xx_HAL_Driver/Src/stm32f4xx_hal_pwr.o
LOAD ./Drivers/STM32F4xx_HAL_Driver/Src/stm32f4xx_hal_pwr_ex.o
LOAD ./Drivers/STM32F4xx_HAL_Driver/Src/stm32f4xx_hal_rcc.o
LOAD ./Drivers/STM32F4xx_HAL_Driver/Src/stm32f4xx_hal_rcc_ex.o
LOAD ./Drivers/STM32F4xx_HAL_Driver/Src/stm32f4xx_hal_spi.o
LOAD ./Drivers/STM32F4xx_HAL_Driver/Src/stm32f4xx_hal_tim.o
LOAD ./Drivers/STM32F4xx_HAL_Driver/Src/stm32f4xx_hal_tim_ex.o
LOAD ./Drivers/STM32F4xx_HAL_Driver/Src/stm32f4xx_hal_uart.o
LOAD ./Drivers/STM32F4xx_HAL_Driver/Src/stm32f4xx_ll_usb.o
LOAD ./Middlewares/ST/STM32_USB_Device_Library/Class/CDC/Src/usbd_cdc.o
LOAD ./Middlewares/ST/STM32_USB_Device_Library/Core/Src/usbd_core.o
LOAD ./Middlewares/ST/STM32_USB_Device_Library/Core/Src/usbd_ctlreq.o
LOAD ./Middlewares/ST/STM32_USB_Device_Library/Core/Src/usbd_ioreq.o
LOAD ./Middlewares/Third_Party/FreeRTOS/Source/CMSIS_RTOS_V2/cmsis_os2.o
LOAD ./Middlewares/Third_Party/FreeRTOS/Source/croutine.o
LOAD ./Middlewares/Third_Party/FreeRTOS/Source/event_groups.o
LOAD ./Middlewares/Third_Party/FreeRTOS/Source/list.o
LOAD ./Middlewares/Third_Party/FreeRTOS/Source/queue.o
LOAD ./Middlewares/Third_Party/FreeRTOS/Source/stream_buffer.o
LOAD ./Middlewares/Third_Party/FreeRTOS/Source/tasks.o
LOAD ./Middlewares/Third_Party/FreeRTOS/Source/timers.o
LOAD ./Middlewares/Third_Party/FreeRTOS/Source/portable/GCC/ARM_CM4F/port.o
LOAD ./Middlewares/Third_Party/FreeRTOS/Source/portable/MemMang/heap_4.o
LOAD ./USB_DEVICE/App/usb_device.o
LOAD ./USB_DEVICE/App/usbd_cdc_if.o
LOAD ./USB_DEVICE/App/usbd_desc.o
LOAD ./USB_DEVICE/Target/usbd_conf.o
START GROUP
LOAD C:/ST/STM32CubeIDE_2.0.0/STM32CubeIDE/plugins/com.st.stm32cube.ide.mcu.externaltools.gnu-tools-for-stm32.14.3.rel1.win32_1.0.100.202602081740/tools/bin/../lib/gcc/arm-none-eabi/14.3.1/../../../../arm-none-eabi/lib/thumb/v7e-m+fp/hard\libstdc++_nano.a
LOAD C:/ST/STM32CubeIDE_2.0.0/STM32CubeIDE/plugins/com.st.stm32cube.ide.mcu.externaltools.gnu-tools-for-stm32.14.3.rel1.win32_1.0.100.202602081740/tools/bin/../lib/gcc/arm-none-eabi/14.3.1/../../../../arm-none-eabi/lib/thumb/v7e-m+fp/hard\libsupc++_nano.a
END GROUP
LOAD C:/ST/STM32CubeIDE_2.0.0/STM32CubeIDE/plugins/com.st.stm32cube.ide.mcu.externaltools.gnu-tools-for-stm32.14.3.rel1.win32_1.0.100.202602081740/tools/bin/../lib/gcc/arm-none-eabi/14.3.1/../../../../arm-none-eabi/lib/thumb/v7e-m+fp/hard\libstdc++_nano.a
LOAD C:/ST/STM32CubeIDE_2.0.0/STM32CubeIDE/plugins/com.st.stm32cube.ide.mcu.externaltools.gnu-tools-for-stm32.14.3.rel1.win32_1.0.100.202602081740/tools/bin/../lib/gcc/arm-none-eabi/14.3.1/../../../../arm-none-eabi/lib/thumb/v7e-m+fp/hard\libm.a
LOAD C:/ST/STM32CubeIDE_2.0.0/STM32CubeIDE/plugins/com.st.stm32cube.ide.mcu.externaltools.gnu-tools-for-stm32.14.3.rel1.win32_1.0.100.202602081740/tools/bin/../lib/gcc/arm-none-eabi/14.3.1/../../../../arm-none-eabi/lib/thumb/v7e-m+fp/hard\libc_nano.a
START GROUP
LOAD C:/ST/STM32CubeIDE_2.0.0/STM32CubeIDE/plugins/com.st.stm32cube.ide.mcu.externaltools.gnu-tools-for-stm32.14.3.rel1.win32_1.0.100.202602081740/tools/bin/../lib/gcc/arm-none-eabi/14.3.1/thumb/v7e-m+fp/hard\libgcc.a
LOAD C:/ST/STM32CubeIDE_2.0.0/STM32CubeIDE/plugins/com.st.stm32cube.ide.mcu.externaltools.gnu-tools-for-stm32.14.3.rel1.win32_1.0.100.202602081740/tools/bin/../lib/gcc/arm-none-eabi/14.3.1/../../../../arm-none-eabi/lib/thumb/v7e-m+fp/hard\libc_nano.a
END GROUP
START GROUP
LOAD C:/ST/STM32CubeIDE_2.0.0/STM32CubeIDE/plugins/com.st.stm32cube.ide.mcu.externaltools.gnu-tools-for-stm32.14.3.rel1.win32_1.0.100.202602081740/tools/bin/../lib/gcc/arm-none-eabi/14.3.1/thumb/v7e-m+fp/hard\libgcc.a
LOAD C:/ST/STM32CubeIDE_2.0.0/STM32CubeIDE/plugins/com.st.stm32cube.ide.mcu.externaltools.gnu-tools-for-stm32.14.3.rel1.win32_1.0.100.202602081740/tools/bin/../lib/gcc/arm-none-eabi/14.3.1/../../../../arm-none-eabi/lib/thumb/v7e-m+fp/hard\libc_nano.a
END GROUP
LOAD C:/ST/STM32CubeIDE_2.0.0/STM32CubeIDE/plugins/com.st.stm32cube.ide.mcu.externaltools.gnu-tools-for-stm32.14.3.rel1.win32_1.0.100.202602081740/tools/bin/../lib/gcc/arm-none-eabi/14.3.1/thumb/v7e-m+fp/hard/crtend.o
LOAD C:/ST/STM32CubeIDE_2.0.0/STM32CubeIDE/plugins/com.st.stm32cube.ide.mcu.externaltools.gnu-tools-for-stm32.14.3.rel1.win32_1.0.100.202602081740/tools/bin/../lib/gcc/arm-none-eabi/14.3.1/thumb/v7e-m+fp/hard/crtn.o
                0x20020000                        _estack = (ORIGIN (RAM) + LENGTH (RAM))
                0x00000200                        _Min_Heap_Size = 0x200
                0x00000400                        _Min_Stack_Size = 0x400

.isr_vector     0x08000000      0x188
                0x08000000                        . = ALIGN (0x4)
 *(.isr_vector)
 .isr_vector    0x08000000      0x188 ./Core/Startup/startup_stm32f407vgtx.o
                0x08000000                g_pfnVectors
                0x08000188                        . = ALIGN (0x4)

.text           0x08000190    0x12d04
                0x08000190                        . = ALIGN (0x4)
 *(.text)
 .text          0x08000190       0x40 C:/ST/STM32CubeIDE_2.0.0/STM32CubeIDE/plugins/com.st.stm32cube.ide.mcu.externaltools.gnu-tools-for-stm32.14.3.rel1.win32_1.0.100.202602081740/tools/bin/../lib/gcc/arm-none-eabi/14.3.1/thumb/v7e-m+fp/hard/crtbegin.o
 .text          0x080001d0      0x378 C:/ST/STM32CubeIDE_2.0.0/STM32CubeIDE/plugins/com.st.stm32cube.ide.mcu.externaltools.gnu-tools-for-stm32.14.3.rel1.win32_1.0.100.202602081740/tools/bin/../lib/gcc/arm-none-eabi/14.3.1/thumb/v7e-m+fp/hard\libgcc.a(_arm_addsubdf3.o)
                0x080001d0                __aeabi_drsub
                0x080001d8                __aeabi_dsub
                0x080001d8                __subdf3
                0x080001dc                __aeabi_dadd
                0x080001dc                __adddf3
                0x08000454                __floatunsidf
                0x08000454                __aeabi_ui2d
                0x08000474                __floatsidf
                0x08000474                __aeabi_i2d
                0x08000498                __aeabi_f2d
                0x08000498                __extendsfdf2
                0x080004dc                __floatundidf
                0x080004dc                __aeabi_ul2d
                0x080004ec                __floatdidf
                0x080004ec                __aeabi_l2d
 .text          0x08000548      0x424 C:/ST/STM32CubeIDE_2.0.0/STM32CubeIDE/plugins/com.st.stm32cube.ide.mcu.externaltools.gnu-tools-for-stm32.14.3.rel1.win32_1.0.100.202602081740/tools/bin/../lib/gcc/arm-none-eabi/14.3.1/thumb/v7e-m+fp/hard\libgcc.a(_arm_muldivdf3.o)
                0x08000548                __aeabi_dmul
                0x08000548                __muldf3
                0x0800079c                __divdf3
                0x0800079c                __aeabi_ddiv
 .text          0x0800096c      0x110 C:/ST/STM32CubeIDE_2.0.0/STM32CubeIDE/plugins/com.st.stm32cube.ide.mcu.externaltools.gnu-tools-for-stm32.14.3.rel1.win32_1.0.100.202602081740/tools/bin/../lib/gcc/arm-none-eabi/14.3.1/thumb/v7e-m+fp/hard\libgcc.a(_arm_cmpdf2.o)
                0x0800096c                __gtdf2
                0x0800096c                __gedf2
                0x08000974                __ltdf2
                0x08000974                __ledf2
                0x0800097c                __nedf2
                0x0800097c                __eqdf2
                0x0800097c                __cmpdf2
                0x080009f8                __aeabi_cdrcmple
                0x08000a08                __aeabi_cdcmpeq
                0x08000a08                __aeabi_cdcmple
                0x08000a18                __aeabi_dcmpeq
                0x08000a2c                __aeabi_dcmplt
                0x08000a40                __aeabi_dcmple
                0x08000a54                __aeabi_dcmpge
                0x08000a68                __aeabi_dcmpgt
 .text          0x08000a7c       0x50 C:/ST/STM32CubeIDE_2.0.0/STM32CubeIDE/plugins/com.st.stm32cube.ide.mcu.externaltools.gnu-tools-for-stm32.14.3.rel1.win32_1.0.100.202602081740/tools/bin/../lib/gcc/arm-none-eabi/14.3.1/thumb/v7e-m+fp/hard\libgcc.a(_arm_fixdfsi.o)
                0x08000a7c                __aeabi_d2iz
                0x08000a7c                __fixdfsi
 .text          0x08000acc       0xa0 C:/ST/STM32CubeIDE_2.0.0/STM32CubeIDE/plugins/com.st.stm32cube.ide.mcu.externaltools.gnu-tools-for-stm32.14.3.rel1.win32_1.0.100.202602081740/tools/bin/../lib/gcc/arm-none-eabi/14.3.1/thumb/v7e-m+fp/hard\libgcc.a(_arm_truncdfsf2.o)
                0x08000acc                __truncdfsf2
                0x08000acc                __aeabi_d2f
 .text          0x08000b6c       0x30 C:/ST/STM32CubeIDE_2.0.0/STM32CubeIDE/plugins/com.st.stm32cube.ide.mcu.externaltools.gnu-tools-for-stm32.14.3.rel1.win32_1.0.100.202602081740/tools/bin/../lib/gcc/arm-none-eabi/14.3.1/thumb/v7e-m+fp/hard\libgcc.a(_aeabi_uldivmod.o)
                0x08000b6c                __aeabi_uldivmod
 .text          0x08000b9c      0x2f8 C:/ST/STM32CubeIDE_2.0.0/STM32CubeIDE/plugins/com.st.stm32cube.ide.mcu.externaltools.gnu-tools-for-stm32.14.3.rel1.win32_1.0.100.202602081740/tools/bin/../lib/gcc/arm-none-eabi/14.3.1/thumb/v7e-m+fp/hard\libgcc.a(_udivmoddi4.o)
                0x08000b9c                __udivmoddi4
 .text          0x08000e94        0x4 C:/ST/STM32CubeIDE_2.0.0/STM32CubeIDE/plugins/com.st.stm32cube.ide.mcu.externaltools.gnu-tools-for-stm32.14.3.rel1.win32_1.0.100.202602081740/tools/bin/../lib/gcc/arm-none-eabi/14.3.1/thumb/v7e-m+fp/hard\libgcc.a(_dvmd_tls.o)
                0x08000e94                __aeabi_idiv0
                0x08000e94                __aeabi_ldiv0
 *(.text*)
 .text._ZN9EMAFilterC2Ef
                0x08000e98       0x2e ./Core/Src/RobotCore.o
                0x08000e98                EMAFilter::EMAFilter(float)
                0x08000e98                EMAFilter::EMAFilter(float)
 .text._ZN9EMAFilter14updateEstimateEf
                0x08000ec6       0x6c ./Core/Src/RobotCore.o
                0x08000ec6                EMAFilter::updateEstimate(float)
 .text._ZN9EMAFilter11setEstimateEf
                0x08000f32       0x24 ./Core/Src/RobotCore.o
                0x08000f32                EMAFilter::setEstimate(float)
 *fill*         0x08000f56        0x2 
 .text._ZN8PotMotorC2EP17TIM_HandleTypeDefmP12GPIO_TypeDeftPKfPKiibifffi
                0x08000f58       0xe8 ./Core/Src/RobotCore.o
                0x08000f58                PotMotor::PotMotor(TIM_HandleTypeDef*, unsigned long, GPIO_TypeDef*, unsigned short, float const*, int const*, int, bool, int, float, float, float, int)
                0x08000f58                PotMotor::PotMotor(TIM_HandleTypeDef*, unsigned long, GPIO_TypeDef*, unsigned short, float const*, int const*, int, bool, int, float, float, float, int)
 .text.compute_checksum
                0x08001040       0x3e ./Core/Src/RobotCore.o
                0x08001040                compute_checksum
 *fill*         0x0800107e        0x2 
 .text._ZL20adc_read_oversampledh
                0x08001080       0x4c ./Core/Src/RobotCore.o
 .text.RobotCore_USB_Receive_Callback
                0x080010cc       0x54 ./Core/Src/RobotCore.o
                0x080010cc                RobotCore_USB_Receive_Callback
 .text._Z9wrapValuef
                0x08001120       0x68 ./Core/Src/RobotCore.o
                0x08001120                wrapValue(float)
 .text._Z9wrapErrorf
                0x08001188       0x70 ./Core/Src/RobotCore.o
                0x08001188                wrapError(float)
 .text._Z13applyDeadzoneff
                0x080011f8       0x68 ./Core/Src/RobotCore.o
                0x080011f8                applyDeadzone(float, float)
 .text._Z15motorDegToStepsf
                0x08001260       0x34 ./Core/Src/RobotCore.o
                0x08001260                motorDegToSteps(float)
 .text._Z16outputToMotorDegf
                0x08001294       0x20 ./Core/Src/RobotCore.o
                0x08001294                outputToMotorDeg(float)
 .text._Z18zaOutputToMotorDegf
                0x080012b4       0x28 ./Core/Src/RobotCore.o
                0x080012b4                zaOutputToMotorDeg(float)
 .text._Z15pitchDegToStepsf
                0x080012dc       0x88 ./Core/Src/RobotCore.o
                0x080012dc                pitchDegToSteps(float)
 .text._Z14rollDegToStepsf
                0x08001364       0x34 ./Core/Src/RobotCore.o
                0x08001364                rollDegToSteps(float)
 .text._Z22m3OutputDegToContStepsf
                0x08001398       0x6c ./Core/Src/RobotCore.o
                0x08001398                m3OutputDegToContSteps(float)
 .text._Z22zaOutputDegToContStepsf
                0x08001404       0x6c ./Core/Src/RobotCore.o
                0x08001404                zaOutputDegToContSteps(float)
 .text._Z10DriveMotorP17TIM_HandleTypeDefmP12GPIO_TypeDefti
                0x08001470       0x82 ./Core/Src/RobotCore.o
                0x08001470                DriveMotor(TIM_HandleTypeDef*, unsigned long, GPIO_TypeDef*, unsigned short, int)
 *fill*         0x080014f2        0x2 
 .text._Z9tcaSelecth
                0x080014f4       0x3c ./Core/Src/RobotCore.o
                0x080014f4                tcaSelect(unsigned char)
 .text._Z14readEncoderRawi
                0x08001530       0x64 ./Core/Src/RobotCore.o
                0x08001530                readEncoderRaw(int)
 .text._Z11readEncoderi
                0x08001594       0x8c ./Core/Src/RobotCore.o
                0x08001594                readEncoder(int)
 .text._Z6setLedb
                0x08001620       0x50 ./Core/Src/RobotCore.o
                0x08001620                setLed(bool)
 .text._ZN8PotMotor4initEi
                0x08001670       0x5c ./Core/Src/RobotCore.o
                0x08001670                PotMotor::init(int)
 .text._ZN8PotMotor10adcToAngleEi
                0x080016cc      0x1b8 ./Core/Src/RobotCore.o
                0x080016cc                PotMotor::adcToAngle(int)
 .text._ZN8PotMotor10resetStallEv
                0x08001884       0x2a ./Core/Src/RobotCore.o
                0x08001884                PotMotor::resetStall()
 .text._ZN8PotMotor16updateTrajectoryEf
                0x080018ae       0x76 ./Core/Src/RobotCore.o
                0x080018ae                PotMotor::updateTrajectory(float)
 .text._ZN8PotMotor6updateEffi
                0x08001924      0x3c0 ./Core/Src/RobotCore.o
                0x08001924                PotMotor::update(float, float, int)
 .text.RobotCore_Init
                0x08001ce4      0x154 ./Core/Src/RobotCore.o
                0x08001ce4                RobotCore_Init
 .text.emergencyStopAll
                0x08001e38       0xe4 ./Core/Src/RobotCore.o
                0x08001e38                emergencyStopAll
 .text.parseCommandPacket
                0x08001f1c      0x184 ./Core/Src/RobotCore.o
                0x08001f1c                parseCommandPacket
 .text.RobotCore_ROSTask
                0x080020a0      0x768 ./Core/Src/RobotCore.o
                0x080020a0                RobotCore_ROSTask
 .text.RobotCore_PIDTask
                0x08002808     0x1c18 ./Core/Src/RobotCore.o
                0x08002808                RobotCore_PIDTask
 .text._Z41__static_initialization_and_destruction_0v
                0x08004420       0x9c ./Core/Src/RobotCore.o
 .text._GLOBAL__sub_I_compute_checksum
                0x080044bc        0xa ./Core/Src/RobotCore.o
 *fill*         0x080044c6        0x2 
 .text.MX_ADC1_Init
                0x080044c8       0xc0 ./Core/Src/adc.o
                0x080044c8                MX_ADC1_Init
 .text.HAL_ADC_MspInit
                0x08004588       0xf0 ./Core/Src/adc.o
                0x08004588                HAL_ADC_MspInit
 .text.MX_DMA_Init
                0x08004678       0x6c ./Core/Src/dma.o
                0x08004678                MX_DMA_Init
 .text.MX_FREERTOS_Init
                0x080046e4       0x40 ./Core/Src/freertos.o
                0x080046e4                MX_FREERTOS_Init
 .text.StartRosTask
                0x08004724       0x1e ./Core/Src/freertos.o
                0x08004724                StartRosTask
 .text.StartPidTask
                0x08004742       0x16 ./Core/Src/freertos.o
                0x08004742                StartPidTask
 .text.MX_GPIO_Init
                0x08004758      0x240 ./Core/Src/gpio.o
                0x08004758                MX_GPIO_Init
 .text.MX_I2C1_Init
                0x08004998       0x5c ./Core/Src/i2c.o
                0x08004998                MX_I2C1_Init
 .text.HAL_I2C_MspInit
                0x080049f4       0x90 ./Core/Src/i2c.o
                0x080049f4                HAL_I2C_MspInit
 .text.main     0x08004a84       0x3c ./Core/Src/main.o
                0x08004a84                main
 .text.SystemClock_Config
                0x08004ac0       0xd4 ./Core/Src/main.o
                0x08004ac0                SystemClock_Config
 .text.HAL_TIM_PeriodElapsedCallback
                0x08004b94       0x24 ./Core/Src/main.o
                0x08004b94                HAL_TIM_PeriodElapsedCallback
 .text.Error_Handler
                0x08004bb8        0xc ./Core/Src/main.o
                0x08004bb8                Error_Handler
 .text.MX_SPI1_Init
                0x08004bc4       0x6c ./Core/Src/spi.o
                0x08004bc4                MX_SPI1_Init
 .text.HAL_SPI_MspInit
                0x08004c30       0x90 ./Core/Src/spi.o
                0x08004c30                HAL_SPI_MspInit
 .text.HAL_MspInit
                0x08004cc0       0x58 ./Core/Src/stm32f4xx_hal_msp.o
                0x08004cc0                HAL_MspInit
 .text.HAL_InitTick
                0x08004d18       0xf8 ./Core/Src/stm32f4xx_hal_timebase_tim.o
                0x08004d18                HAL_InitTick
 .text.NMI_Handler
                0x08004e10        0x8 ./Core/Src/stm32f4xx_it.o
                0x08004e10                NMI_Handler
 .text.HardFault_Handler
                0x08004e18        0x8 ./Core/Src/stm32f4xx_it.o
                0x08004e18                HardFault_Handler
 .text.MemManage_Handler
                0x08004e20        0x8 ./Core/Src/stm32f4xx_it.o
                0x08004e20                MemManage_Handler
 .text.BusFault_Handler
                0x08004e28        0x8 ./Core/Src/stm32f4xx_it.o
                0x08004e28                BusFault_Handler
 .text.UsageFault_Handler
                0x08004e30        0x8 ./Core/Src/stm32f4xx_it.o
                0x08004e30                UsageFault_Handler
 .text.DebugMon_Handler
                0x08004e38        0xe ./Core/Src/stm32f4xx_it.o
                0x08004e38                DebugMon_Handler
 *fill*         0x08004e46        0x2 
 .text.DMA1_Stream2_IRQHandler
                0x08004e48       0x14 ./Core/Src/stm32f4xx_it.o
                0x08004e48                DMA1_Stream2_IRQHandler
 .text.UART4_IRQHandler
                0x08004e5c       0x14 ./Core/Src/stm32f4xx_it.o
                0x08004e5c                UART4_IRQHandler
 .text.TIM6_DAC_IRQHandler
                0x08004e70       0x14 ./Core/Src/stm32f4xx_it.o
                0x08004e70                TIM6_DAC_IRQHandler
 .text.DMA2_Stream0_IRQHandler
                0x08004e84       0x14 ./Core/Src/stm32f4xx_it.o
                0x08004e84                DMA2_Stream0_IRQHandler
 .text.OTG_FS_IRQHandler
                0x08004e98       0x14 ./Core/Src/stm32f4xx_it.o
                0x08004e98                OTG_FS_IRQHandler
 .text.SystemInit
                0x08004eac       0x24 ./Core/Src/system_stm32f4xx.o
                0x08004eac                SystemInit
 .text.MX_TIM1_Init
                0x08004ed0      0x188 ./Core/Src/tim.o
                0x08004ed0                MX_TIM1_Init
 .text.MX_TIM2_Init
                0x08005058      0x100 ./Core/Src/tim.o
                0x08005058                MX_TIM2_Init
 .text.HAL_TIM_Base_MspInit
                0x08005158       0x6c ./Core/Src/tim.o
                0x08005158                HAL_TIM_Base_MspInit
 .text.HAL_TIM_MspPostInit
                0x080051c4       0xc0 ./Core/Src/tim.o
                0x080051c4                HAL_TIM_MspPostInit
 .text.MX_UART4_Init
                0x08005284       0x54 ./Core/Src/usart.o
                0x08005284                MX_UART4_Init
 .text.HAL_UART_MspInit
                0x080052d8      0x108 ./Core/Src/usart.o
                0x080052d8                HAL_UART_MspInit
 .text.Reset_Handler
                0x080053e0       0x50 ./Core/Startup/startup_stm32f407vgtx.o
                0x080053e0                Reset_Handler
 .text.Default_Handler
                0x08005430        0x2 ./Core/Startup/startup_stm32f407vgtx.o
                0x08005430                RTC_Alarm_IRQHandler
                0x08005430                HASH_RNG_IRQHandler
                0x08005430                EXTI2_IRQHandler
                0x08005430                TIM8_CC_IRQHandler
                0x08005430                TIM1_CC_IRQHandler
                0x08005430                DMA2_Stream5_IRQHandler
                0x08005430                DMA1_Stream5_IRQHandler
                0x08005430                PVD_IRQHandler
                0x08005430                SDIO_IRQHandler
                0x08005430                TAMP_STAMP_IRQHandler
                0x08005430                CAN2_RX1_IRQHandler
                0x08005430                EXTI3_IRQHandler
                0x08005430                TIM8_TRG_COM_TIM14_IRQHandler
                0x08005430                TIM1_UP_TIM10_IRQHandler
                0x08005430                TIM8_UP_TIM13_IRQHandler
                0x08005430                I2C3_ER_IRQHandler
                0x08005430                EXTI0_IRQHandler
                0x08005430                I2C2_EV_IRQHandler
                0x08005430                CAN1_RX0_IRQHandler
                0x08005430                FPU_IRQHandler
                0x08005430                OTG_HS_WKUP_IRQHandler
                0x08005430                CAN2_SCE_IRQHandler
                0x08005430                DMA2_Stream2_IRQHandler
                0x08005430                SPI1_IRQHandler
                0x08005430                TIM1_BRK_TIM9_IRQHandler
                0x08005430                DCMI_IRQHandler
                0x08005430                CAN2_RX0_IRQHandler
                0x08005430                DMA2_Stream3_IRQHandler
                0x08005430                USART6_IRQHandler
                0x08005430                USART3_IRQHandler
                0x08005430                CAN1_RX1_IRQHandler
                0x08005430                UART5_IRQHandler
                0x08005430                TIM4_IRQHandler
                0x08005430                I2C1_EV_IRQHandler
                0x08005430                DMA1_Stream6_IRQHandler
                0x08005430                DMA1_Stream1_IRQHandler
                0x08005430                TIM3_IRQHandler
                0x08005430                RCC_IRQHandler
                0x08005430                TIM8_BRK_TIM12_IRQHandler
                0x08005430                Default_Handler
                0x08005430                EXTI15_10_IRQHandler
                0x08005430                ADC_IRQHandler
                0x08005430                DMA1_Stream7_IRQHandler
                0x08005430                TIM7_IRQHandler
                0x08005430                CAN2_TX_IRQHandler
                0x08005430                TIM5_IRQHandler
                0x08005430                DMA2_Stream7_IRQHandler
                0x08005430                I2C3_EV_IRQHandler
                0x08005430                EXTI9_5_IRQHandler
                0x08005430                RTC_WKUP_IRQHandler
                0x08005430                ETH_WKUP_IRQHandler
                0x08005430                SPI2_IRQHandler
                0x08005430                OTG_HS_EP1_IN_IRQHandler
                0x08005430                DMA1_Stream0_IRQHandler
                0x08005430                CAN1_TX_IRQHandler
                0x08005430                EXTI4_IRQHandler
                0x08005430                FSMC_IRQHandler
                0x08005430                ETH_IRQHandler
                0x08005430                OTG_HS_EP1_OUT_IRQHandler
                0x08005430                WWDG_IRQHandler
                0x08005430                TIM2_IRQHandler
                0x08005430                OTG_FS_WKUP_IRQHandler
                0x08005430                TIM1_TRG_COM_TIM11_IRQHandler
                0x08005430                OTG_HS_IRQHandler
                0x08005430                EXTI1_IRQHandler
                0x08005430                USART2_IRQHandler
                0x08005430                I2C2_ER_IRQHandler
                0x08005430                DMA2_Stream1_IRQHandler
                0x08005430                CAN1_SCE_IRQHandler
                0x08005430                FLASH_IRQHandler
                0x08005430                DMA2_Stream4_IRQHandler
                0x08005430                USART1_IRQHandler
                0x08005430                SPI3_IRQHandler
                0x08005430                DMA1_Stream4_IRQHandler
                0x08005430                I2C1_ER_IRQHandler
                0x08005430                DMA2_Stream6_IRQHandler
                0x08005430                DMA1_Stream3_IRQHandler
 *fill*         0x08005432        0x2 
 .text.HAL_Init
                0x08005434       0x44 ./Drivers/STM32F4xx_HAL_Driver/Src/stm32f4xx_hal.o
                0x08005434                HAL_Init
 .text.HAL_IncTick
                0x08005478       0x28 ./Drivers/STM32F4xx_HAL_Driver/Src/stm32f4xx_hal.o
                0x08005478                HAL_IncTick
 .text.HAL_GetTick
                0x080054a0       0x18 ./Drivers/STM32F4xx_HAL_Driver/Src/stm32f4xx_hal.o
                0x080054a0                HAL_GetTick
 .text.HAL_Delay
                0x080054b8       0x48 ./Drivers/STM32F4xx_HAL_Driver/Src/stm32f4xx_hal.o
                0x080054b8                HAL_Delay
 .text.HAL_ADC_Init
                0x08005500       0x86 ./Drivers/STM32F4xx_HAL_Driver/Src/stm32f4xx_hal_adc.o
                0x08005500                HAL_ADC_Init
 *fill*         0x08005586        0x2 
 .text.HAL_ADC_Start_DMA
                0x08005588      0x228 ./Drivers/STM32F4xx_HAL_Driver/Src/stm32f4xx_hal_adc.o
                0x08005588                HAL_ADC_Start_DMA
 .text.HAL_ADC_ConvCpltCallback
                0x080057b0       0x14 ./Drivers/STM32F4xx_HAL_Driver/Src/stm32f4xx_hal_adc.o
                0x080057b0                HAL_ADC_ConvCpltCallback
 .text.HAL_ADC_ConvHalfCpltCallback
                0x080057c4       0x14 ./Drivers/STM32F4xx_HAL_Driver/Src/stm32f4xx_hal_adc.o
                0x080057c4                HAL_ADC_ConvHalfCpltCallback
 .text.HAL_ADC_ErrorCallback
                0x080057d8       0x14 ./Drivers/STM32F4xx_HAL_Driver/Src/stm32f4xx_hal_adc.o
                0x080057d8                HAL_ADC_ErrorCallback
 .text.HAL_ADC_ConfigChannel
                0x080057ec      0x244 ./Drivers/STM32F4xx_HAL_Driver/Src/stm32f4xx_hal_adc.o
                0x080057ec                HAL_ADC_ConfigChannel
 .text.ADC_Init
                0x08005a30      0x1f8 ./Drivers/STM32F4xx_HAL_Driver/Src/stm32f4xx_hal_adc.o
 .text.ADC_DMAConvCplt
                0x08005c28       0xba ./Drivers/STM32F4xx_HAL_Driver/Src/stm32f4xx_hal_adc.o
 .text.ADC_DMAHalfConvCplt
                0x08005ce2       0x1c ./Drivers/STM32F4xx_HAL_Driver/Src/stm32f4xx_hal_adc.o
 .text.ADC_DMAError
                0x08005cfe       0x2e ./Drivers/STM32F4xx_HAL_Driver/Src/stm32f4xx_hal_adc.o
 .text.__NVIC_SetPriorityGrouping
                0x08005d2c       0x48 ./Drivers/STM32F4xx_HAL_Driver/Src/stm32f4xx_hal_cortex.o
 .text.__NVIC_GetPriorityGrouping
                0x08005d74       0x1c ./Drivers/STM32F4xx_HAL_Driver/Src/stm32f4xx_hal_cortex.o
 .text.__NVIC_EnableIRQ
                0x08005d90       0x3c ./Drivers/STM32F4xx_HAL_Driver/Src/stm32f4xx_hal_cortex.o
 .text.__NVIC_SetPriority
                0x08005dcc       0x54 ./Drivers/STM32F4xx_HAL_Driver/Src/stm32f4xx_hal_cortex.o
 .text.NVIC_EncodePriority
                0x08005e20       0x66 ./Drivers/STM32F4xx_HAL_Driver/Src/stm32f4xx_hal_cortex.o
 .text.HAL_NVIC_SetPriorityGrouping
                0x08005e86       0x16 ./Drivers/STM32F4xx_HAL_Driver/Src/stm32f4xx_hal_cortex.o
                0x08005e86                HAL_NVIC_SetPriorityGrouping
 .text.HAL_NVIC_SetPriority
                0x08005e9c       0x38 ./Drivers/STM32F4xx_HAL_Driver/Src/stm32f4xx_hal_cortex.o
                0x08005e9c                HAL_NVIC_SetPriority
 .text.HAL_NVIC_EnableIRQ
                0x08005ed4       0x1c ./Drivers/STM32F4xx_HAL_Driver/Src/stm32f4xx_hal_cortex.o
                0x08005ed4                HAL_NVIC_EnableIRQ
 .text.HAL_DMA_Init
                0x08005ef0      0x15c ./Drivers/STM32F4xx_HAL_Driver/Src/stm32f4xx_hal_dma.o
                0x08005ef0                HAL_DMA_Init
 .text.HAL_DMA_Start_IT
                0x0800604c       0xb0 ./Drivers/STM32F4xx_HAL_Driver/Src/stm32f4xx_hal_dma.o
                0x0800604c                HAL_DMA_Start_IT
 .text.HAL_DMA_Abort
                0x080060fc       0xe0 ./Drivers/STM32F4xx_HAL_Driver/Src/stm32f4xx_hal_dma.o
                0x080060fc                HAL_DMA_Abort
 .text.HAL_DMA_Abort_IT
                0x080061dc       0x44 ./Drivers/STM32F4xx_HAL_Driver/Src/stm32f4xx_hal_dma.o
                0x080061dc                HAL_DMA_Abort_IT
 .text.HAL_DMA_IRQHandler
                0x08006220      0x314 ./Drivers/STM32F4xx_HAL_Driver/Src/stm32f4xx_hal_dma.o
                0x08006220                HAL_DMA_IRQHandler
 .text.DMA_SetConfig
                0x08006534       0x5c ./Drivers/STM32F4xx_HAL_Driver/Src/stm32f4xx_hal_dma.o
 .text.DMA_CalcBaseAndBitshift
                0x08006590       0x6c ./Drivers/STM32F4xx_HAL_Driver/Src/stm32f4xx_hal_dma.o
 .text.DMA_CheckFifoParam
                0x080065fc       0xf8 ./Drivers/STM32F4xx_HAL_Driver/Src/stm32f4xx_hal_dma.o
 .text.HAL_GPIO_Init
                0x080066f4      0x338 ./Drivers/STM32F4xx_HAL_Driver/Src/stm32f4xx_hal_gpio.o
                0x080066f4                HAL_GPIO_Init
 .text.HAL_GPIO_WritePin
                0x08006a2c       0x32 ./Drivers/STM32F4xx_HAL_Driver/Src/stm32f4xx_hal_gpio.o
                0x08006a2c                HAL_GPIO_WritePin
 *fill*         0x08006a5e        0x2 
 .text.HAL_I2C_Init
                0x08006a60      0x288 ./Drivers/STM32F4xx_HAL_Driver/Src/stm32f4xx_hal_i2c.o
                0x08006a60                HAL_I2C_Init
 .text.HAL_I2C_Master_Transmit
                0x08006ce8      0x1fc ./Drivers/STM32F4xx_HAL_Driver/Src/stm32f4xx_hal_i2c.o
                0x08006ce8                HAL_I2C_Master_Transmit
 .text.HAL_I2C_Mem_Read
                0x08006ee4      0x464 ./Drivers/STM32F4xx_HAL_Driver/Src/stm32f4xx_hal_i2c.o
                0x08006ee4                HAL_I2C_Mem_Read
 .text.I2C_MasterRequestWrite
                0x08007348      0x104 ./Drivers/STM32F4xx_HAL_Driver/Src/stm32f4xx_hal_i2c.o
 .text.I2C_RequestMemoryRead
                0x0800744c      0x1d0 ./Drivers/STM32F4xx_HAL_Driver/Src/stm32f4xx_hal_i2c.o
 .text.I2C_WaitOnFlagUntilTimeout
                0x0800761c       0xf4 ./Drivers/STM32F4xx_HAL_Driver/Src/stm32f4xx_hal_i2c.o
 .text.I2C_WaitOnMasterAddressFlagUntilTimeout
                0x08007710      0x140 ./Drivers/STM32F4xx_HAL_Driver/Src/stm32f4xx_hal_i2c.o
 .text.I2C_WaitOnTXEFlagUntilTimeout
                0x08007850       0x90 ./Drivers/STM32F4xx_HAL_Driver/Src/stm32f4xx_hal_i2c.o
 .text.I2C_WaitOnBTFFlagUntilTimeout
                0x080078e0       0x90 ./Drivers/STM32F4xx_HAL_Driver/Src/stm32f4xx_hal_i2c.o
 .text.I2C_WaitOnRXNEFlagUntilTimeout
                0x08007970       0xba ./Drivers/STM32F4xx_HAL_Driver/Src/stm32f4xx_hal_i2c.o
 .text.I2C_IsAcknowledgeFailed
                0x08007a2a       0x5e ./Drivers/STM32F4xx_HAL_Driver/Src/stm32f4xx_hal_i2c.o
 .text.HAL_PCD_Init
                0x08007a88      0x21e ./Drivers/STM32F4xx_HAL_Driver/Src/stm32f4xx_hal_pcd.o
                0x08007a88                HAL_PCD_Init
 .text.HAL_PCD_Start
                0x08007ca6       0x6a ./Drivers/STM32F4xx_HAL_Driver/Src/stm32f4xx_hal_pcd.o
                0x08007ca6                HAL_PCD_Start
 .text.HAL_PCD_IRQHandler
                0x08007d10      0x942 ./Drivers/STM32F4xx_HAL_Driver/Src/stm32f4xx_hal_pcd.o
                0x08007d10                HAL_PCD_IRQHandler
 .text.HAL_PCD_SetAddress
                0x08008652       0x48 ./Drivers/STM32F4xx_HAL_Driver/Src/stm32f4xx_hal_pcd.o
                0x08008652                HAL_PCD_SetAddress
 .text.HAL_PCD_EP_Open
                0x0800869a       0xd4 ./Drivers/STM32F4xx_HAL_Driver/Src/stm32f4xx_hal_pcd.o
                0x0800869a                HAL_PCD_EP_Open
 .text.HAL_PCD_EP_Close
                0x0800876e       0x94 ./Drivers/STM32F4xx_HAL_Driver/Src/stm32f4xx_hal_pcd.o
                0x0800876e                HAL_PCD_EP_Close
 .text.HAL_PCD_EP_Receive
                0x08008802       0x76 ./Drivers/STM32F4xx_HAL_Driver/Src/stm32f4xx_hal_pcd.o
                0x08008802                HAL_PCD_EP_Receive
 .text.HAL_PCD_EP_GetRxCount
                0x08008878       0x30 ./Drivers/STM32F4xx_HAL_Driver/Src/stm32f4xx_hal_pcd.o
                0x08008878                HAL_PCD_EP_GetRxCount
 .text.HAL_PCD_EP_Transmit
                0x080088a8       0x74 ./Drivers/STM32F4xx_HAL_Driver/Src/stm32f4xx_hal_pcd.o
                0x080088a8                HAL_PCD_EP_Transmit
 .text.HAL_PCD_EP_SetStall
                0x0800891c       0xc6 ./Drivers/STM32F4xx_HAL_Driver/Src/stm32f4xx_hal_pcd.o
                0x0800891c                HAL_PCD_EP_SetStall
 .text.HAL_PCD_EP_ClrStall
                0x080089e2       0xac ./Drivers/STM32F4xx_HAL_Driver/Src/stm32f4xx_hal_pcd.o
                0x080089e2                HAL_PCD_EP_ClrStall
 .text.HAL_PCD_EP_Abort
                0x08008a8e       0x62 ./Drivers/STM32F4xx_HAL_Driver/Src/stm32f4xx_hal_pcd.o
                0x08008a8e                HAL_PCD_EP_Abort
 .text.PCD_WriteEmptyTxFifo
                0x08008af0      0x118 ./Drivers/STM32F4xx_HAL_Driver/Src/stm32f4xx_hal_pcd.o
 .text.PCD_EP_OutXfrComplete_int
                0x08008c08      0x1d0 ./Drivers/STM32F4xx_HAL_Driver/Src/stm32f4xx_hal_pcd.o
 .text.PCD_EP_OutSetupPacket_int
                0x08008dd8       0x8c ./Drivers/STM32F4xx_HAL_Driver/Src/stm32f4xx_hal_pcd.o
 .text.HAL_PCDEx_SetTxFiFo
                0x08008e64       0x8e ./Drivers/STM32F4xx_HAL_Driver/Src/stm32f4xx_hal_pcd_ex.o
                0x08008e64                HAL_PCDEx_SetTxFiFo
 .text.HAL_PCDEx_SetRxFiFo
                0x08008ef2       0x22 ./Drivers/STM32F4xx_HAL_Driver/Src/stm32f4xx_hal_pcd_ex.o
                0x08008ef2                HAL_PCDEx_SetRxFiFo
 .text.HAL_PCDEx_LPM_Callback
                0x08008f14       0x18 ./Drivers/STM32F4xx_HAL_Driver/Src/stm32f4xx_hal_pcd_ex.o
                0x08008f14                HAL_PCDEx_LPM_Callback
 .text.HAL_RCC_OscConfig
                0x08008f2c      0x4f0 ./Drivers/STM32F4xx_HAL_Driver/Src/stm32f4xx_hal_rcc.o
                0x08008f2c                HAL_RCC_OscConfig
 .text.HAL_RCC_ClockConfig
                0x0800941c      0x1cc ./Drivers/STM32F4xx_HAL_Driver/Src/stm32f4xx_hal_rcc.o
                0x0800941c                HAL_RCC_ClockConfig
 .text.HAL_RCC_GetSysClockFreq
                0x080095e8      0x20c ./Drivers/STM32F4xx_HAL_Driver/Src/stm32f4xx_hal_rcc.o
                0x080095e8                HAL_RCC_GetSysClockFreq
 .text.HAL_RCC_GetHCLKFreq
                0x080097f4       0x18 ./Drivers/STM32F4xx_HAL_Driver/Src/stm32f4xx_hal_rcc.o
                0x080097f4                HAL_RCC_GetHCLKFreq
 .text.HAL_RCC_GetPCLK1Freq
                0x0800980c       0x28 ./Drivers/STM32F4xx_HAL_Driver/Src/stm32f4xx_hal_rcc.o
                0x0800980c                HAL_RCC_GetPCLK1Freq
 .text.HAL_RCC_GetPCLK2Freq
                0x08009834       0x28 ./Drivers/STM32F4xx_HAL_Driver/Src/stm32f4xx_hal_rcc.o
                0x08009834                HAL_RCC_GetPCLK2Freq
 .text.HAL_RCC_GetClockConfig
                0x0800985c       0x64 ./Drivers/STM32F4xx_HAL_Driver/Src/stm32f4xx_hal_rcc.o
                0x0800985c                HAL_RCC_GetClockConfig
 .text.HAL_SPI_Init
                0x080098c0      0x112 ./Drivers/STM32F4xx_HAL_Driver/Src/stm32f4xx_hal_spi.o
                0x080098c0                HAL_SPI_Init
 .text.HAL_TIM_Base_Init
                0x080099d2       0x9e ./Drivers/STM32F4xx_HAL_Driver/Src/stm32f4xx_hal_tim.o
                0x080099d2                HAL_TIM_Base_Init
 .text.HAL_TIM_Base_Start_IT
                0x08009a70       0xe0 ./Drivers/STM32F4xx_HAL_Driver/Src/stm32f4xx_hal_tim.o
                0x08009a70                HAL_TIM_Base_Start_IT
 .text.HAL_TIM_PWM_Init
                0x08009b50       0x9e ./Drivers/STM32F4xx_HAL_Driver/Src/stm32f4xx_hal_tim.o
                0x08009b50                HAL_TIM_PWM_Init
 .text.HAL_TIM_PWM_MspInit
                0x08009bee       0x14 ./Drivers/STM32F4xx_HAL_Driver/Src/stm32f4xx_hal_tim.o
                0x08009bee                HAL_TIM_PWM_MspInit
 *fill*         0x08009c02        0x2 
 .text.HAL_TIM_PWM_Start
                0x08009c04      0x190 ./Drivers/STM32F4xx_HAL_Driver/Src/stm32f4xx_hal_tim.o
                0x08009c04                HAL_TIM_PWM_Start
 .text.HAL_TIM_IRQHandler
                0x08009d94      0x1e0 ./Drivers/STM32F4xx_HAL_Driver/Src/stm32f4xx_hal_tim.o
                0x08009d94                HAL_TIM_IRQHandler
 .text.HAL_TIM_PWM_ConfigChannel
                0x08009f74      0x184 ./Drivers/STM32F4xx_HAL_Driver/Src/stm32f4xx_hal_tim.o
                0x08009f74                HAL_TIM_PWM_ConfigChannel
 .text.HAL_TIM_ConfigClockSource
                0x0800a0f8      0x18e ./Drivers/STM32F4xx_HAL_Driver/Src/stm32f4xx_hal_tim.o
                0x0800a0f8                HAL_TIM_ConfigClockSource
 .text.HAL_TIM_OC_DelayElapsedCallback
                0x0800a286       0x14 ./Drivers/STM32F4xx_HAL_Driver/Src/stm32f4xx_hal_tim.o
                0x0800a286                HAL_TIM_OC_DelayElapsedCallback
 .text.HAL_TIM_IC_CaptureCallback
                0x0800a29a       0x14 ./Drivers/STM32F4xx_HAL_Driver/Src/stm32f4xx_hal_tim.o
                0x0800a29a                HAL_TIM_IC_CaptureCallback
 .text.HAL_TIM_PWM_PulseFinishedCallback
                0x0800a2ae       0x14 ./Drivers/STM32F4xx_HAL_Driver/Src/stm32f4xx_hal_tim.o
                0x0800a2ae                HAL_TIM_PWM_PulseFinishedCallback
 .text.HAL_TIM_TriggerCallback
                0x0800a2c2       0x14 ./Drivers/STM32F4xx_HAL_Driver/Src/stm32f4xx_hal_tim.o
                0x0800a2c2                HAL_TIM_TriggerCallback
 *fill*         0x0800a2d6        0x2 
 .text.TIM_Base_SetConfig
                0x0800a2d8      0x14c ./Drivers/STM32F4xx_HAL_Driver/Src/stm32f4xx_hal_tim.o
                0x0800a2d8                TIM_Base_SetConfig
 .text.TIM_OC1_SetConfig
                0x0800a424       0xe0 ./Drivers/STM32F4xx_HAL_Driver/Src/stm32f4xx_hal_tim.o
 .text.TIM_OC2_SetConfig
                0x0800a504       0xec ./Drivers/STM32F4xx_HAL_Driver/Src/stm32f4xx_hal_tim.o
                0x0800a504                TIM_OC2_SetConfig
 .text.TIM_OC3_SetConfig
                0x0800a5f0       0xe8 ./Drivers/STM32F4xx_HAL_Driver/Src/stm32f4xx_hal_tim.o
 .text.TIM_OC4_SetConfig
                0x0800a6d8       0xac ./Drivers/STM32F4xx_HAL_Driver/Src/stm32f4xx_hal_tim.o
 .text.TIM_TI1_ConfigInputStage
                0x0800a784       0x5e ./Drivers/STM32F4xx_HAL_Driver/Src/stm32f4xx_hal_tim.o
 .text.TIM_TI2_ConfigInputStage
                0x0800a7e2       0x60 ./Drivers/STM32F4xx_HAL_Driver/Src/stm32f4xx_hal_tim.o
 .text.TIM_ITRx_SetConfig
                0x0800a842       0x36 ./Drivers/STM32F4xx_HAL_Driver/Src/stm32f4xx_hal_tim.o
 .text.TIM_ETR_SetConfig
                0x0800a878       0x40 ./Drivers/STM32F4xx_HAL_Driver/Src/stm32f4xx_hal_tim.o
                0x0800a878                TIM_ETR_SetConfig
 .text.TIM_CCxChannelCmd
                0x0800a8b8       0x4a ./Drivers/STM32F4xx_HAL_Driver/Src/stm32f4xx_hal_tim.o
                0x0800a8b8                TIM_CCxChannelCmd
 *fill*         0x0800a902        0x2 
 .text.HAL_TIMEx_MasterConfigSynchronization
                0x0800a904       0xf8 ./Drivers/STM32F4xx_HAL_Driver/Src/stm32f4xx_hal_tim_ex.o
                0x0800a904                HAL_TIMEx_MasterConfigSynchronization
 .text.HAL_TIMEx_ConfigBreakDeadTime
                0x0800a9fc       0xa4 ./Drivers/STM32F4xx_HAL_Driver/Src/stm32f4xx_hal_tim_ex.o
                0x0800a9fc                HAL_TIMEx_ConfigBreakDeadTime
 .text.HAL_TIMEx_CommutCallback
                0x0800aaa0       0x14 ./Drivers/STM32F4xx_HAL_Driver/Src/stm32f4xx_hal_tim_ex.o
                0x0800aaa0                HAL_TIMEx_CommutCallback
 .text.HAL_TIMEx_BreakCallback
                0x0800aab4       0x14 ./Drivers/STM32F4xx_HAL_Driver/Src/stm32f4xx_hal_tim_ex.o
                0x0800aab4                HAL_TIMEx_BreakCallback
 .text.HAL_UART_Init
                0x0800aac8       0xa0 ./Drivers/STM32F4xx_HAL_Driver/Src/stm32f4xx_hal_uart.o
                0x0800aac8                HAL_UART_Init
 .text.HAL_UART_Transmit
                0x0800ab68      0x116 ./Drivers/STM32F4xx_HAL_Driver/Src/stm32f4xx_hal_uart.o
                0x0800ab68                HAL_UART_Transmit
 .text.HAL_UART_Receive_DMA
                0x0800ac7e       0x4a ./Drivers/STM32F4xx_HAL_Driver/Src/stm32f4xx_hal_uart.o
                0x0800ac7e                HAL_UART_Receive_DMA
 .text.HAL_UART_IRQHandler
                0x0800acc8      0x554 ./Drivers/STM32F4xx_HAL_Driver/Src/stm32f4xx_hal_uart.o
                0x0800acc8                HAL_UART_IRQHandler
 .text.HAL_UART_TxCpltCallback
                0x0800b21c       0x14 ./Drivers/STM32F4xx_HAL_Driver/Src/stm32f4xx_hal_uart.o
                0x0800b21c                HAL_UART_TxCpltCallback
 .text.HAL_UART_RxCpltCallback
                0x0800b230       0x14 ./Drivers/STM32F4xx_HAL_Driver/Src/stm32f4xx_hal_uart.o
                0x0800b230                HAL_UART_RxCpltCallback
 .text.HAL_UART_RxHalfCpltCallback
                0x0800b244       0x14 ./Drivers/STM32F4xx_HAL_Driver/Src/stm32f4xx_hal_uart.o
                0x0800b244                HAL_UART_RxHalfCpltCallback
 .text.HAL_UART_ErrorCallback
                0x0800b258       0x14 ./Drivers/STM32F4xx_HAL_Driver/Src/stm32f4xx_hal_uart.o
                0x0800b258                HAL_UART_ErrorCallback
 .text.HAL_UARTEx_RxEventCallback
                0x0800b26c       0x18 ./Drivers/STM32F4xx_HAL_Driver/Src/stm32f4xx_hal_uart.o
                0x0800b26c                HAL_UARTEx_RxEventCallback
 .text.UART_DMAReceiveCplt
                0x0800b284      0x12c ./Drivers/STM32F4xx_HAL_Driver/Src/stm32f4xx_hal_uart.o
 .text.UART_DMARxHalfCplt
                0x0800b3b0       0x3c ./Drivers/STM32F4xx_HAL_Driver/Src/stm32f4xx_hal_uart.o
 .text.UART_DMAError
                0x0800b3ec       0x94 ./Drivers/STM32F4xx_HAL_Driver/Src/stm32f4xx_hal_uart.o
 .text.UART_WaitOnFlagUntilTimeout
                0x0800b480       0xb2 ./Drivers/STM32F4xx_HAL_Driver/Src/stm32f4xx_hal_uart.o
 *fill*         0x0800b532        0x2 
 .text.UART_Start_Receive_DMA
                0x0800b534      0x14c ./Drivers/STM32F4xx_HAL_Driver/Src/stm32f4xx_hal_uart.o
                0x0800b534                UART_Start_Receive_DMA
 .text.UART_EndTxTransfer
                0x0800b680       0x50 ./Drivers/STM32F4xx_HAL_Driver/Src/stm32f4xx_hal_uart.o
 .text.UART_EndRxTransfer
                0x0800b6d0       0xc6 ./Drivers/STM32F4xx_HAL_Driver/Src/stm32f4xx_hal_uart.o
 .text.UART_DMAAbortOnError
                0x0800b796       0x22 ./Drivers/STM32F4xx_HAL_Driver/Src/stm32f4xx_hal_uart.o
 .text.UART_Transmit_IT
                0x0800b7b8       0xa0 ./Drivers/STM32F4xx_HAL_Driver/Src/stm32f4xx_hal_uart.o
 .text.UART_EndTransmit_IT
                0x0800b858       0x30 ./Drivers/STM32F4xx_HAL_Driver/Src/stm32f4xx_hal_uart.o
 .text.UART_Receive_IT
                0x0800b888      0x17c ./Drivers/STM32F4xx_HAL_Driver/Src/stm32f4xx_hal_uart.o
 .text.UART_SetConfig
                0x0800ba04      0x4e8 ./Drivers/STM32F4xx_HAL_Driver/Src/stm32f4xx_hal_uart.o
 .text.USB_CoreInit
                0x0800beec       0xc8 ./Drivers/STM32F4xx_HAL_Driver/Src/stm32f4xx_ll_usb.o
                0x0800beec                USB_CoreInit
 .text.USB_SetTurnaroundTime
                0x0800bfb4      0x144 ./Drivers/STM32F4xx_HAL_Driver/Src/stm32f4xx_ll_usb.o
                0x0800bfb4                USB_SetTurnaroundTime
 .text.USB_EnableGlobalInt
                0x0800c0f8       0x22 ./Drivers/STM32F4xx_HAL_Driver/Src/stm32f4xx_ll_usb.o
                0x0800c0f8                USB_EnableGlobalInt
 .text.USB_DisableGlobalInt
                0x0800c11a       0x22 ./Drivers/STM32F4xx_HAL_Driver/Src/stm32f4xx_ll_usb.o
                0x0800c11a                USB_DisableGlobalInt
 .text.USB_SetCurrentMode
                0x0800c13c       0x98 ./Drivers/STM32F4xx_HAL_Driver/Src/stm32f4xx_ll_usb.o
                0x0800c13c                USB_SetCurrentMode
 .text.USB_DevInit
                0x0800c1d4      0x2c8 ./Drivers/STM32F4xx_HAL_Driver/Src/stm32f4xx_ll_usb.o
                0x0800c1d4                USB_DevInit
 .text.USB_FlushTxFifo
                0x0800c49c       0x64 ./Drivers/STM32F4xx_HAL_Driver/Src/stm32f4xx_ll_usb.o
                0x0800c49c                USB_FlushTxFifo
 .text.USB_FlushRxFifo
                0x0800c500       0x5c ./Drivers/STM32F4xx_HAL_Driver/Src/stm32f4xx_ll_usb.o
                0x0800c500                USB_FlushRxFifo
 .text.USB_SetDevSpeed
                0x0800c55c       0x32 ./Drivers/STM32F4xx_HAL_Driver/Src/stm32f4xx_ll_usb.o
                0x0800c55c                USB_SetDevSpeed
 .text.USB_GetDevSpeed
                0x0800c58e       0x4a ./Drivers/STM32F4xx_HAL_Driver/Src/stm32f4xx_ll_usb.o
                0x0800c58e                USB_GetDevSpeed
 .text.USB_ActivateEndpoint
                0x0800c5d8      0x10e ./Drivers/STM32F4xx_HAL_Driver/Src/stm32f4xx_ll_usb.o
                0x0800c5d8                USB_ActivateEndpoint
 *fill*         0x0800c6e6        0x2 
 .text.USB_DeactivateEndpoint
                0x0800c6e8      0x1b8 ./Drivers/STM32F4xx_HAL_Driver/Src/stm32f4xx_ll_usb.o
                0x0800c6e8                USB_DeactivateEndpoint
 .text.USB_EPStartXfer
                0x0800c8a0      0x53c ./Drivers/STM32F4xx_HAL_Driver/Src/stm32f4xx_ll_usb.o
                0x0800c8a0                USB_EPStartXfer
 .text.USB_EPStopXfer
                0x0800cddc      0x154 ./Drivers/STM32F4xx_HAL_Driver/Src/stm32f4xx_ll_usb.o
                0x0800cddc                USB_EPStopXfer
 .text.USB_WritePacket
                0x0800cf30       0x7c ./Drivers/STM32F4xx_HAL_Driver/Src/stm32f4xx_ll_usb.o
                0x0800cf30                USB_WritePacket
 .text.USB_ReadPacket
                0x0800cfac       0xb0 ./Drivers/STM32F4xx_HAL_Driver/Src/stm32f4xx_ll_usb.o
                0x0800cfac                USB_ReadPacket
 .text.USB_EPSetStall
                0x0800d05c       0xdc ./Drivers/STM32F4xx_HAL_Driver/Src/stm32f4xx_ll_usb.o
                0x0800d05c                USB_EPSetStall
 .text.USB_EPClearStall
                0x0800d138       0xcc ./Drivers/STM32F4xx_HAL_Driver/Src/stm32f4xx_ll_usb.o
                0x0800d138                USB_EPClearStall
 .text.USB_SetDevAddress
                0x0800d204       0x4c ./Drivers/STM32F4xx_HAL_Driver/Src/stm32f4xx_ll_usb.o
                0x0800d204                USB_SetDevAddress
 .text.USB_DevConnect
                0x0800d250       0x42 ./Drivers/STM32F4xx_HAL_Driver/Src/stm32f4xx_ll_usb.o
                0x0800d250                USB_DevConnect
 .text.USB_DevDisconnect
                0x0800d292       0x42 ./Drivers/STM32F4xx_HAL_Driver/Src/stm32f4xx_ll_usb.o
                0x0800d292                USB_DevDisconnect
 .text.USB_ReadInterrupts
                0x0800d2d4       0x26 ./Drivers/STM32F4xx_HAL_Driver/Src/stm32f4xx_ll_usb.o
                0x0800d2d4                USB_ReadInterrupts
 .text.USB_ReadDevAllOutEpInterrupt
                0x0800d2fa       0x34 ./Drivers/STM32F4xx_HAL_Driver/Src/stm32f4xx_ll_usb.o
                0x0800d2fa                USB_ReadDevAllOutEpInterrupt
 .text.USB_ReadDevAllInEpInterrupt
                0x0800d32e       0x34 ./Drivers/STM32F4xx_HAL_Driver/Src/stm32f4xx_ll_usb.o
                0x0800d32e                USB_ReadDevAllInEpInterrupt
 .text.USB_ReadDevOutEPInterrupt
                0x0800d362       0x3c ./Drivers/STM32F4xx_HAL_Driver/Src/stm32f4xx_ll_usb.o
                0x0800d362                USB_ReadDevOutEPInterrupt
 .text.USB_ReadDevInEPInterrupt
                0x0800d39e       0x5c ./Drivers/STM32F4xx_HAL_Driver/Src/stm32f4xx_ll_usb.o
                0x0800d39e                USB_ReadDevInEPInterrupt
 .text.USB_GetMode
                0x0800d3fa       0x1c ./Drivers/STM32F4xx_HAL_Driver/Src/stm32f4xx_ll_usb.o
                0x0800d3fa                USB_GetMode
 .text.USB_ActivateSetup
                0x0800d416       0x46 ./Drivers/STM32F4xx_HAL_Driver/Src/stm32f4xx_ll_usb.o
                0x0800d416                USB_ActivateSetup
 .text.USB_EP0_OutStart
                0x0800d45c       0xbc ./Drivers/STM32F4xx_HAL_Driver/Src/stm32f4xx_ll_usb.o
                0x0800d45c                USB_EP0_OutStart
 .text.USB_CoreReset
                0x0800d518       0x70 ./Drivers/STM32F4xx_HAL_Driver/Src/stm32f4xx_ll_usb.o
 .text.USBD_CDC_Init
                0x0800d588      0x1f0 ./Middlewares/ST/STM32_USB_Device_Library/Class/CDC/Src/usbd_cdc.o
 .text.USBD_CDC_DeInit
                0x0800d778      0x104 ./Middlewares/ST/STM32_USB_Device_Library/Class/CDC/Src/usbd_cdc.o
 .text.USBD_CDC_Setup
                0x0800d87c      0x1b8 ./Middlewares/ST/STM32_USB_Device_Library/Class/CDC/Src/usbd_cdc.o
 .text.USBD_CDC_DataIn
                0x0800da34       0xfe ./Middlewares/ST/STM32_USB_Device_Library/Class/CDC/Src/usbd_cdc.o
 .text.USBD_CDC_DataOut
                0x0800db32       0x70 ./Middlewares/ST/STM32_USB_Device_Library/Class/CDC/Src/usbd_cdc.o
 .text.USBD_CDC_EP0_RxReady
                0x0800dba2       0x74 ./Middlewares/ST/STM32_USB_Device_Library/Class/CDC/Src/usbd_cdc.o
 *fill*         0x0800dc16        0x2 
 .text.USBD_CDC_GetFSCfgDesc
                0x0800dc18       0x70 ./Middlewares/ST/STM32_USB_Device_Library/Class/CDC/Src/usbd_cdc.o
 .text.USBD_CDC_GetHSCfgDesc
                0x0800dc88       0x70 ./Middlewares/ST/STM32_USB_Device_Library/Class/CDC/Src/usbd_cdc.o
 .text.USBD_CDC_GetOtherSpeedCfgDesc
                0x0800dcf8       0x70 ./Middlewares/ST/STM32_USB_Device_Library/Class/CDC/Src/usbd_cdc.o
 .text.USBD_CDC_GetDeviceQualifierDescriptor
                0x0800dd68       0x20 ./Middlewares/ST/STM32_USB_Device_Library/Class/CDC/Src/usbd_cdc.o
                0x0800dd68                USBD_CDC_GetDeviceQualifierDescriptor
 .text.USBD_CDC_RegisterInterface
                0x0800dd88       0x34 ./Middlewares/ST/STM32_USB_Device_Library/Class/CDC/Src/usbd_cdc.o
                0x0800dd88                USBD_CDC_RegisterInterface
 .text.USBD_CDC_SetTxBuffer
                0x0800ddbc       0x44 ./Middlewares/ST/STM32_USB_Device_Library/Class/CDC/Src/usbd_cdc.o
                0x0800ddbc                USBD_CDC_SetTxBuffer
 .text.USBD_CDC_SetRxBuffer
                0x0800de00       0x3a ./Middlewares/ST/STM32_USB_Device_Library/Class/CDC/Src/usbd_cdc.o
                0x0800de00                USBD_CDC_SetRxBuffer
 *fill*         0x0800de3a        0x2 
 .text.USBD_CDC_TransmitPacket
                0x0800de3c       0x80 ./Middlewares/ST/STM32_USB_Device_Library/Class/CDC/Src/usbd_cdc.o
                0x0800de3c                USBD_CDC_TransmitPacket
 .text.USBD_CDC_ReceivePacket
                0x0800debc       0x6c ./Middlewares/ST/STM32_USB_Device_Library/Class/CDC/Src/usbd_cdc.o
                0x0800debc                USBD_CDC_ReceivePacket
 .text.USBD_Init
                0x0800df28       0x60 ./Middlewares/ST/STM32_USB_Device_Library/Core/Src/usbd_core.o
                0x0800df28                USBD_Init
 .text.USBD_RegisterClass
                0x0800df88       0x6c ./Middlewares/ST/STM32_USB_Device_Library/Core/Src/usbd_core.o
                0x0800df88                USBD_RegisterClass
 .text.USBD_Start
                0x0800dff4       0x18 ./Middlewares/ST/STM32_USB_Device_Library/Core/Src/usbd_core.o
                0x0800dff4                USBD_Start
 .text.USBD_RunTestMode
                0x0800e00c       0x16 ./Middlewares/ST/STM32_USB_Device_Library/Core/Src/usbd_core.o
                0x0800e00c                USBD_RunTestMode
 .text.USBD_SetClassConfig
                0x0800e022       0x38 ./Middlewares/ST/STM32_USB_Device_Library/Core/Src/usbd_core.o
                0x0800e022                USBD_SetClassConfig
 .text.USBD_ClrClassConfig
                0x0800e05a       0x34 ./Middlewares/ST/STM32_USB_Device_Library/Core/Src/usbd_core.o
                0x0800e05a                USBD_ClrClassConfig
 .text.USBD_LL_SetupStage
                0x0800e08e       0xaa ./Middlewares/ST/STM32_USB_Device_Library/Core/Src/usbd_core.o
                0x0800e08e                USBD_LL_SetupStage
 .text.USBD_LL_DataOutStage
                0x0800e138      0x178 ./Middlewares/ST/STM32_USB_Device_Library/Core/Src/usbd_core.o
                0x0800e138                USBD_LL_DataOutStage
 .text.USBD_LL_DataInStage
                0x0800e2b0      0x176 ./Middlewares/ST/STM32_USB_Device_Library/Core/Src/usbd_core.o
                0x0800e2b0                USBD_LL_DataInStage
 .text.USBD_LL_Reset
                0x0800e426       0xa6 ./Middlewares/ST/STM32_USB_Device_Library/Core/Src/usbd_core.o
                0x0800e426                USBD_LL_Reset
 .text.USBD_LL_SetSpeed
                0x0800e4cc       0x20 ./Middlewares/ST/STM32_USB_Device_Library/Core/Src/usbd_core.o
                0x0800e4cc                USBD_LL_SetSpeed
 .text.USBD_LL_Suspend
                0x0800e4ec       0x38 ./Middlewares/ST/STM32_USB_Device_Library/Core/Src/usbd_core.o
                0x0800e4ec                USBD_LL_Suspend
 .text.USBD_LL_Resume
                0x0800e524       0x30 ./Middlewares/ST/STM32_USB_Device_Library/Core/Src/usbd_core.o
                0x0800e524                USBD_LL_Resume
 .text.USBD_LL_SOF
                0x0800e554       0x40 ./Middlewares/ST/STM32_USB_Device_Library/Core/Src/usbd_core.o
                0x0800e554                USBD_LL_SOF
 .text.USBD_LL_IsoINIncomplete
                0x0800e594       0x64 ./Middlewares/ST/STM32_USB_Device_Library/Core/Src/usbd_core.o
                0x0800e594                USBD_LL_IsoINIncomplete
 .text.USBD_LL_IsoOUTIncomplete
                0x0800e5f8       0x64 ./Middlewares/ST/STM32_USB_Device_Library/Core/Src/usbd_core.o
                0x0800e5f8                USBD_LL_IsoOUTIncomplete
 .text.USBD_LL_DevConnected
                0x0800e65c       0x16 ./Middlewares/ST/STM32_USB_Device_Library/Core/Src/usbd_core.o
                0x0800e65c                USBD_LL_DevConnected
 .text.USBD_LL_DevDisconnected
                0x0800e672       0x46 ./Middlewares/ST/STM32_USB_Device_Library/Core/Src/usbd_core.o
                0x0800e672                USBD_LL_DevDisconnected
 .text.USBD_CoreFindIF
                0x0800e6b8       0x1a ./Middlewares/ST/STM32_USB_Device_Library/Core/Src/usbd_core.o
                0x0800e6b8                USBD_CoreFindIF
 .text.USBD_CoreFindEP
                0x0800e6d2       0x1a ./Middlewares/ST/STM32_USB_Device_Library/Core/Src/usbd_core.o
                0x0800e6d2                USBD_CoreFindEP
 .text.USBD_GetEpDesc
                0x0800e6ec       0x70 ./Middlewares/ST/STM32_USB_Device_Library/Core/Src/usbd_core.o
                0x0800e6ec                USBD_GetEpDesc
 .text.USBD_GetNextDesc
                0x0800e75c       0x38 ./Middlewares/ST/STM32_USB_Device_Library/Core/Src/usbd_core.o
                0x0800e75c                USBD_GetNextDesc
 .text.SWAPBYTE
                0x0800e794       0x3e ./Middlewares/ST/STM32_USB_Device_Library/Core/Src/usbd_ctlreq.o
 *fill*         0x0800e7d2        0x2 
 .text.USBD_StdDevReq
                0x0800e7d4       0xe4 ./Middlewares/ST/STM32_USB_Device_Library/Core/Src/usbd_ctlreq.o
                0x0800e7d4                USBD_StdDevReq
 .text.USBD_StdItfReq
                0x0800e8b8       0xd8 ./Middlewares/ST/STM32_USB_Device_Library/Core/Src/usbd_ctlreq.o
                0x0800e8b8                USBD_StdItfReq
 .text.USBD_StdEPReq
                0x0800e990      0x33e ./Middlewares/ST/STM32_USB_Device_Library/Core/Src/usbd_ctlreq.o
                0x0800e990                USBD_StdEPReq
 *fill*         0x0800ecce        0x2 
 .text.USBD_GetDescriptor
                0x0800ecd0      0x2d4 ./Middlewares/ST/STM32_USB_Device_Library/Core/Src/usbd_ctlreq.o
 .text.USBD_SetAddress
                0x0800efa4       0x88 ./Middlewares/ST/STM32_USB_Device_Library/Core/Src/usbd_ctlreq.o
 .text.USBD_SetConfig
                0x0800f02c      0x154 ./Middlewares/ST/STM32_USB_Device_Library/Core/Src/usbd_ctlreq.o
 .text.USBD_GetConfig
                0x0800f180       0x6c ./Middlewares/ST/STM32_USB_Device_Library/Core/Src/usbd_ctlreq.o
 .text.USBD_GetStatus
                0x0800f1ec       0x68 ./Middlewares/ST/STM32_USB_Device_Library/Core/Src/usbd_ctlreq.o
 .text.USBD_SetFeature
                0x0800f254       0x52 ./Middlewares/ST/STM32_USB_Device_Library/Core/Src/usbd_ctlreq.o
 .text.USBD_ClrFeature
                0x0800f2a6       0x44 ./Middlewares/ST/STM32_USB_Device_Library/Core/Src/usbd_ctlreq.o
 .text.USBD_ParseSetupRequest
                0x0800f2ea       0x74 ./Middlewares/ST/STM32_USB_Device_Library/Core/Src/usbd_ctlreq.o
                0x0800f2ea                USBD_ParseSetupRequest
 .text.USBD_CtlError
                0x0800f35e       0x22 ./Middlewares/ST/STM32_USB_Device_Library/Core/Src/usbd_ctlreq.o
                0x0800f35e                USBD_CtlError
 .text.USBD_GetString
                0x0800f380       0xa4 ./Middlewares/ST/STM32_USB_Device_Library/Core/Src/usbd_ctlreq.o
                0x0800f380                USBD_GetString
 .text.USBD_GetLen
                0x0800f424       0x34 ./Middlewares/ST/STM32_USB_Device_Library/Core/Src/usbd_ctlreq.o
 .text.USBD_CtlSendData
                0x0800f458       0x3c ./Middlewares/ST/STM32_USB_Device_Library/Core/Src/usbd_ioreq.o
                0x0800f458                USBD_CtlSendData
 .text.USBD_CtlContinueSendData
                0x0800f494       0x22 ./Middlewares/ST/STM32_USB_Device_Library/Core/Src/usbd_ioreq.o
                0x0800f494                USBD_CtlContinueSendData
 .text.USBD_CtlPrepareRx
                0x0800f4b6       0x42 ./Middlewares/ST/STM32_USB_Device_Library/Core/Src/usbd_ioreq.o
                0x0800f4b6                USBD_CtlPrepareRx
 .text.USBD_CtlContinueRx
                0x0800f4f8       0x22 ./Middlewares/ST/STM32_USB_Device_Library/Core/Src/usbd_ioreq.o
                0x0800f4f8                USBD_CtlContinueRx
 .text.USBD_CtlSendStatus
                0x0800f51a       0x26 ./Middlewares/ST/STM32_USB_Device_Library/Core/Src/usbd_ioreq.o
                0x0800f51a                USBD_CtlSendStatus
 .text.USBD_CtlReceiveStatus
                0x0800f540       0x26 ./Middlewares/ST/STM32_USB_Device_Library/Core/Src/usbd_ioreq.o
                0x0800f540                USBD_CtlReceiveStatus
 *fill*         0x0800f566        0x2 
 .text.__NVIC_SetPriority
                0x0800f568       0x54 ./Middlewares/Third_Party/FreeRTOS/Source/CMSIS_RTOS_V2/cmsis_os2.o
 .text.SysTick_Handler
                0x0800f5bc       0x20 ./Middlewares/Third_Party/FreeRTOS/Source/CMSIS_RTOS_V2/cmsis_os2.o
                0x0800f5bc                SysTick_Handler
 .text.SVC_Setup
                0x0800f5dc       0x12 ./Middlewares/Third_Party/FreeRTOS/Source/CMSIS_RTOS_V2/cmsis_os2.o
 *fill*         0x0800f5ee        0x2 
 .text.osKernelInitialize
                0x0800f5f0       0x48 ./Middlewares/Third_Party/FreeRTOS/Source/CMSIS_RTOS_V2/cmsis_os2.o
                0x0800f5f0                osKernelInitialize
 .text.osKernelStart
                0x0800f638       0x4c ./Middlewares/Third_Party/FreeRTOS/Source/CMSIS_RTOS_V2/cmsis_os2.o
                0x0800f638                osKernelStart
 .text.osKernelGetTickCount
                0x0800f684       0x2a ./Middlewares/Third_Party/FreeRTOS/Source/CMSIS_RTOS_V2/cmsis_os2.o
                0x0800f684                osKernelGetTickCount
 .text.osThreadNew
                0x0800f6ae      0x124 ./Middlewares/Third_Party/FreeRTOS/Source/CMSIS_RTOS_V2/cmsis_os2.o
                0x0800f6ae                osThreadNew
 .text.osDelay  0x0800f7d2       0x36 ./Middlewares/Third_Party/FreeRTOS/Source/CMSIS_RTOS_V2/cmsis_os2.o
                0x0800f7d2                osDelay
 .text.vApplicationGetIdleTaskMemory
                0x0800f808       0x34 ./Middlewares/Third_Party/FreeRTOS/Source/CMSIS_RTOS_V2/cmsis_os2.o
                0x0800f808                vApplicationGetIdleTaskMemory
 .text.vApplicationGetTimerTaskMemory
                0x0800f83c       0x34 ./Middlewares/Third_Party/FreeRTOS/Source/CMSIS_RTOS_V2/cmsis_os2.o
                0x0800f83c                vApplicationGetTimerTaskMemory
 .text.vListInitialise
                0x0800f870       0x40 ./Middlewares/Third_Party/FreeRTOS/Source/list.o
                0x0800f870                vListInitialise
 .text.vListInitialiseItem
                0x0800f8b0       0x1a ./Middlewares/Third_Party/FreeRTOS/Source/list.o
                0x0800f8b0                vListInitialiseItem
 .text.vListInsertEnd
                0x0800f8ca       0x48 ./Middlewares/Third_Party/FreeRTOS/Source/list.o
                0x0800f8ca                vListInsertEnd
 .text.vListInsert
                0x0800f912       0x72 ./Middlewares/Third_Party/FreeRTOS/Source/list.o
                0x0800f912                vListInsert
 .text.uxListRemove
                0x0800f984       0x54 ./Middlewares/Third_Party/FreeRTOS/Source/list.o
                0x0800f984                uxListRemove
 .text.xQueueGenericReset
                0x0800f9d8       0xd4 ./Middlewares/Third_Party/FreeRTOS/Source/queue.o
                0x0800f9d8                xQueueGenericReset
 .text.xQueueGenericCreateStatic
                0x0800faac       0xfa ./Middlewares/Third_Party/FreeRTOS/Source/queue.o
                0x0800faac                xQueueGenericCreateStatic
 .text.prvInitialiseNewQueue
                0x0800fba6       0x46 ./Middlewares/Third_Party/FreeRTOS/Source/queue.o
 .text.xQueueGenericSend
                0x0800fbec      0x204 ./Middlewares/Third_Party/FreeRTOS/Source/queue.o
                0x0800fbec                xQueueGenericSend
 .text.xQueueGenericSendFromISR
                0x0800fdf0      0x13c ./Middlewares/Third_Party/FreeRTOS/Source/queue.o
                0x0800fdf0                xQueueGenericSendFromISR
 .text.xQueueReceive
                0x0800ff2c      0x1c4 ./Middlewares/Third_Party/FreeRTOS/Source/queue.o
                0x0800ff2c                xQueueReceive
 .text.prvCopyDataToQueue
                0x080100f0       0xd4 ./Middlewares/Third_Party/FreeRTOS/Source/queue.o
 .text.prvCopyDataFromQueue
                0x080101c4       0x4c ./Middlewares/Third_Party/FreeRTOS/Source/queue.o
 .text.prvUnlockQueue
                0x08010210       0xa4 ./Middlewares/Third_Party/FreeRTOS/Source/queue.o
 .text.prvIsQueueEmpty
                0x080102b4       0x2c ./Middlewares/Third_Party/FreeRTOS/Source/queue.o
 .text.prvIsQueueFull
                0x080102e0       0x30 ./Middlewares/Third_Party/FreeRTOS/Source/queue.o
 .text.vQueueAddToRegistry
                0x08010310       0x54 ./Middlewares/Third_Party/FreeRTOS/Source/queue.o
                0x08010310                vQueueAddToRegistry
 .text.vQueueWaitForMessageRestricted
                0x08010364       0x68 ./Middlewares/Third_Party/FreeRTOS/Source/queue.o
                0x08010364                vQueueWaitForMessageRestricted
 .text.xTaskCreateStatic
                0x080103cc       0xc0 ./Middlewares/Third_Party/FreeRTOS/Source/tasks.o
                0x080103cc                xTaskCreateStatic
 .text.xTaskCreate
                0x0801048c       0x8a ./Middlewares/Third_Party/FreeRTOS/Source/tasks.o
                0x0801048c                xTaskCreate
 *fill*         0x08010516        0x2 
 .text.prvInitialiseNewTask
                0x08010518      0x150 ./Middlewares/Third_Party/FreeRTOS/Source/tasks.o
 .text.prvAddNewTaskToReadyList
                0x08010668       0xe0 ./Middlewares/Third_Party/FreeRTOS/Source/tasks.o
 .text.vTaskDelay
                0x08010748       0x6c ./Middlewares/Third_Party/FreeRTOS/Source/tasks.o
                0x08010748                vTaskDelay
 .text.vTaskStartScheduler
                0x080107b4       0xe0 ./Middlewares/Third_Party/FreeRTOS/Source/tasks.o
                0x080107b4                vTaskStartScheduler
 .text.vTaskSuspendAll
                0x08010894       0x1c ./Middlewares/Third_Party/FreeRTOS/Source/tasks.o
                0x08010894                vTaskSuspendAll
 .text.xTaskResumeAll
                0x080108b0      0x13c ./Middlewares/Third_Party/FreeRTOS/Source/tasks.o
                0x080108b0                xTaskResumeAll
 .text.xTaskGetTickCount
                0x080109ec       0x20 ./Middlewares/Third_Party/FreeRTOS/Source/tasks.o
                0x080109ec                xTaskGetTickCount
 .text.xTaskGetTickCountFromISR
                0x08010a0c       0x24 ./Middlewares/Third_Party/FreeRTOS/Source/tasks.o
                0x08010a0c                xTaskGetTickCountFromISR
 .text.xTaskIncrementTick
                0x08010a30      0x174 ./Middlewares/Third_Party/FreeRTOS/Source/tasks.o
                0x08010a30                xTaskIncrementTick
 .text.vTaskSwitchContext
                0x08010ba4       0xcc ./Middlewares/Third_Party/FreeRTOS/Source/tasks.o
                0x08010ba4                vTaskSwitchContext
 .text.vTaskPlaceOnEventList
                0x08010c70       0x4c ./Middlewares/Third_Party/FreeRTOS/Source/tasks.o
                0x08010c70                vTaskPlaceOnEventList
 .text.vTaskPlaceOnEventListRestricted
                0x08010cbc       0x58 ./Middlewares/Third_Party/FreeRTOS/Source/tasks.o
                0x08010cbc                vTaskPlaceOnEventListRestricted
 .text.xTaskRemoveFromEventList
                0x08010d14       0xc8 ./Middlewares/Third_Party/FreeRTOS/Source/tasks.o
                0x08010d14                xTaskRemoveFromEventList
 .text.vTaskInternalSetTimeOutState
                0x08010ddc       0x2c ./Middlewares/Third_Party/FreeRTOS/Source/tasks.o
                0x08010ddc                vTaskInternalSetTimeOutState
 .text.xTaskCheckForTimeOut
                0x08010e08       0xc8 ./Middlewares/Third_Party/FreeRTOS/Source/tasks.o
                0x08010e08                xTaskCheckForTimeOut
 .text.vTaskMissedYield
                0x08010ed0       0x18 ./Middlewares/Third_Party/FreeRTOS/Source/tasks.o
                0x08010ed0                vTaskMissedYield
 .text.prvIdleTask
                0x08010ee8       0x30 ./Middlewares/Third_Party/FreeRTOS/Source/tasks.o
 .text.prvInitialiseTaskLists
                0x08010f18       0x80 ./Middlewares/Third_Party/FreeRTOS/Source/tasks.o
 .text.prvCheckTasksWaitingTermination
                0x08010f98       0x5c ./Middlewares/Third_Party/FreeRTOS/Source/tasks.o
 .text.prvDeleteTCB
                0x08010ff4       0x6a ./Middlewares/Third_Party/FreeRTOS/Source/tasks.o
 *fill*         0x0801105e        0x2 
 .text.prvResetNextTaskUnblockTime
                0x08011060       0x40 ./Middlewares/Third_Party/FreeRTOS/Source/tasks.o
 .text.xTaskGetSchedulerState
                0x080110a0       0x3c ./Middlewares/Third_Party/FreeRTOS/Source/tasks.o
                0x080110a0                xTaskGetSchedulerState
 .text.xTaskPriorityDisinherit
                0x080110dc       0xe0 ./Middlewares/Third_Party/FreeRTOS/Source/tasks.o
                0x080110dc                xTaskPriorityDisinherit
 .text.prvAddCurrentTaskToDelayedList
                0x080111bc       0xa8 ./Middlewares/Third_Party/FreeRTOS/Source/tasks.o
 .text.xTimerCreateTimerTask
                0x08011264       0x94 ./Middlewares/Third_Party/FreeRTOS/Source/timers.o
                0x08011264                xTimerCreateTimerTask
 .text.xTimerGenericCommand
                0x080112f8       0x9c ./Middlewares/Third_Party/FreeRTOS/Source/timers.o
                0x080112f8                xTimerGenericCommand
 .text.prvProcessExpiredTimer
                0x08011394       0x9c ./Middlewares/Third_Party/FreeRTOS/Source/timers.o
 .text.prvTimerTask
                0x08011430       0x26 ./Middlewares/Third_Party/FreeRTOS/Source/timers.o
 *fill*         0x08011456        0x2 
 .text.prvProcessTimerOrBlockTask
                0x08011458       0x9c ./Middlewares/Third_Party/FreeRTOS/Source/timers.o
 .text.prvGetNextExpireTime
                0x080114f4       0x48 ./Middlewares/Third_Party/FreeRTOS/Source/timers.o
 .text.prvSampleTimeNow
                0x0801153c       0x40 ./Middlewares/Third_Party/FreeRTOS/Source/timers.o
 .text.prvInsertTimerInActiveList
                0x0801157c       0x84 ./Middlewares/Third_Party/FreeRTOS/Source/timers.o
 .text.prvProcessReceivedCommands
                0x08011600      0x1cc ./Middlewares/Third_Party/FreeRTOS/Source/timers.o
 .text.prvSwitchTimerLists
                0x080117cc       0xcc ./Middlewares/Third_Party/FreeRTOS/Source/timers.o
 .text.prvCheckForValidListAndQueue
                0x08011898       0x80 ./Middlewares/Third_Party/FreeRTOS/Source/timers.o
 .text.pxPortInitialiseStack
                0x08011918       0x68 ./Middlewares/Third_Party/FreeRTOS/Source/portable/GCC/ARM_CM4F/port.o
                0x08011918                pxPortInitialiseStack
 .text.prvTaskExitError
                0x08011980       0x5c ./Middlewares/Third_Party/FreeRTOS/Source/portable/GCC/ARM_CM4F/port.o
 *fill*         0x080119dc        0x4 
 .text.SVC_Handler
                0x080119e0       0x28 ./Middlewares/Third_Party/FreeRTOS/Source/portable/GCC/ARM_CM4F/port.o
                0x080119e0                SVC_Handler
 .text.prvPortStartFirstTask
                0x08011a08       0x28 ./Middlewares/Third_Party/FreeRTOS/Source/portable/GCC/ARM_CM4F/port.o
 .text.xPortStartScheduler
                0x08011a30      0x148 ./Middlewares/Third_Party/FreeRTOS/Source/portable/GCC/ARM_CM4F/port.o
                0x08011a30                xPortStartScheduler
 .text.vPortEnterCritical
                0x08011b78       0x64 ./Middlewares/Third_Party/FreeRTOS/Source/portable/GCC/ARM_CM4F/port.o
                0x08011b78                vPortEnterCritical
 .text.vPortExitCritical
                0x08011bdc       0x54 ./Middlewares/Third_Party/FreeRTOS/Source/portable/GCC/ARM_CM4F/port.o
                0x08011bdc                vPortExitCritical
 .text.PendSV_Handler
                0x08011c30       0x68 ./Middlewares/Third_Party/FreeRTOS/Source/portable/GCC/ARM_CM4F/port.o
                0x08011c30                PendSV_Handler
 .text.xPortSysTickHandler
                0x08011c98       0x44 ./Middlewares/Third_Party/FreeRTOS/Source/portable/GCC/ARM_CM4F/port.o
                0x08011c98                xPortSysTickHandler
 .text.vPortSetupTimerInterrupt
                0x08011cdc       0x48 ./Middlewares/Third_Party/FreeRTOS/Source/portable/GCC/ARM_CM4F/port.o
                0x08011cdc                vPortSetupTimerInterrupt
 .text.vPortEnableVFP
                0x08011d24       0x14 ./Middlewares/Third_Party/FreeRTOS/Source/portable/GCC/ARM_CM4F/port.o
 .text.vPortValidateInterruptPriority
                0x08011d38       0x84 ./Middlewares/Third_Party/FreeRTOS/Source/portable/GCC/ARM_CM4F/port.o
                0x08011d38                vPortValidateInterruptPriority
 .text.pvPortMalloc
                0x08011dbc      0x19c ./Middlewares/Third_Party/FreeRTOS/Source/portable/MemMang/heap_4.o
                0x08011dbc                pvPortMalloc
 .text.vPortFree
                0x08011f58       0xc8 ./Middlewares/Third_Party/FreeRTOS/Source/portable/MemMang/heap_4.o
                0x08011f58                vPortFree
 .text.prvHeapInit
                0x08012020       0xc4 ./Middlewares/Third_Party/FreeRTOS/Source/portable/MemMang/heap_4.o
 .text.prvInsertBlockIntoFreeList
                0x080120e4       0xb4 ./Middlewares/Third_Party/FreeRTOS/Source/portable/MemMang/heap_4.o
 .text.MX_USB_DEVICE_Init
                0x08012198       0x60 ./USB_DEVICE/App/usb_device.o
                0x08012198                MX_USB_DEVICE_Init
 .text.CDC_Init_FS
                0x080121f8       0x28 ./USB_DEVICE/App/usbd_cdc_if.o
 .text.CDC_DeInit_FS
                0x08012220       0x10 ./USB_DEVICE/App/usbd_cdc_if.o
 .text.CDC_Control_FS
                0x08012230       0xdc ./USB_DEVICE/App/usbd_cdc_if.o
 .text.CDC_Receive_FS
                0x0801230c       0x34 ./USB_DEVICE/App/usbd_cdc_if.o
 .text.CDC_Transmit_FS
                0x08012340       0x4c ./USB_DEVICE/App/usbd_cdc_if.o
                0x08012340                CDC_Transmit_FS
 .text.CDC_TransmitCplt_FS
                0x0801238c       0x22 ./USB_DEVICE/App/usbd_cdc_if.o
 *fill*         0x080123ae        0x2 
 .text.USBD_FS_DeviceDescriptor
                0x080123b0       0x24 ./USB_DEVICE/App/usbd_desc.o
                0x080123b0                USBD_FS_DeviceDescriptor
 .text.USBD_FS_LangIDStrDescriptor
                0x080123d4       0x24 ./USB_DEVICE/App/usbd_desc.o
                0x080123d4                USBD_FS_LangIDStrDescriptor
 .text.USBD_FS_ProductStrDescriptor
                0x080123f8       0x3c ./USB_DEVICE/App/usbd_desc.o
                0x080123f8                USBD_FS_ProductStrDescriptor
 .text.USBD_FS_ManufacturerStrDescriptor
                0x08012434       0x28 ./USB_DEVICE/App/usbd_desc.o
                0x08012434                USBD_FS_ManufacturerStrDescriptor
 .text.USBD_FS_SerialStrDescriptor
                0x0801245c       0x24 ./USB_DEVICE/App/usbd_desc.o
                0x0801245c                USBD_FS_SerialStrDescriptor
 .text.USBD_FS_ConfigStrDescriptor
                0x08012480       0x3c ./USB_DEVICE/App/usbd_desc.o
                0x08012480                USBD_FS_ConfigStrDescriptor
 .text.USBD_FS_InterfaceStrDescriptor
                0x080124bc       0x3c ./USB_DEVICE/App/usbd_desc.o
                0x080124bc                USBD_FS_InterfaceStrDescriptor
 .text.Get_SerialNum
                0x080124f8       0x58 ./USB_DEVICE/App/usbd_desc.o
 .text.IntToUnicode
                0x08012550       0x7e ./USB_DEVICE/App/usbd_desc.o
 *fill*         0x080125ce        0x2 
 .text.HAL_PCD_MspInit
                0x080125d0       0xc4 ./USB_DEVICE/Target/usbd_conf.o
                0x080125d0                HAL_PCD_MspInit
 .text.HAL_PCD_SetupStageCallback
                0x08012694       0x24 ./USB_DEVICE/Target/usbd_conf.o
                0x08012694                HAL_PCD_SetupStageCallback
 .text.HAL_PCD_DataOutStageCallback
                0x080126b8       0x36 ./USB_DEVICE/Target/usbd_conf.o
                0x080126b8                HAL_PCD_DataOutStageCallback
 .text.HAL_PCD_DataInStageCallback
                0x080126ee       0x34 ./USB_DEVICE/Target/usbd_conf.o
                0x080126ee                HAL_PCD_DataInStageCallback
 .text.HAL_PCD_SOFCallback
                0x08012722       0x1c ./USB_DEVICE/Target/usbd_conf.o
                0x08012722                HAL_PCD_SOFCallback
 .text.HAL_PCD_ResetCallback
                0x0801273e       0x50 ./USB_DEVICE/Target/usbd_conf.o
                0x0801273e                HAL_PCD_ResetCallback
 *fill*         0x0801278e        0x2 
 .text.HAL_PCD_SuspendCallback
                0x08012790       0x4c ./USB_DEVICE/Target/usbd_conf.o
                0x08012790                HAL_PCD_SuspendCallback
 .text.HAL_PCD_ResumeCallback
                0x080127dc       0x1c ./USB_DEVICE/Target/usbd_conf.o
                0x080127dc                HAL_PCD_ResumeCallback
 .text.HAL_PCD_ISOOUTIncompleteCallback
                0x080127f8       0x24 ./USB_DEVICE/Target/usbd_conf.o
                0x080127f8                HAL_PCD_ISOOUTIncompleteCallback
 .text.HAL_PCD_ISOINIncompleteCallback
                0x0801281c       0x24 ./USB_DEVICE/Target/usbd_conf.o
                0x0801281c                HAL_PCD_ISOINIncompleteCallback
 .text.HAL_PCD_ConnectCallback
                0x08012840       0x1c ./USB_DEVICE/Target/usbd_conf.o
                0x08012840                HAL_PCD_ConnectCallback
 .text.HAL_PCD_DisconnectCallback
                0x0801285c       0x1c ./USB_DEVICE/Target/usbd_conf.o
                0x0801285c                HAL_PCD_DisconnectCallback
 .text.USBD_LL_Init
                0x08012878       0x98 ./USB_DEVICE/Target/usbd_conf.o
                0x08012878                USBD_LL_Init
 .text.USBD_LL_Start
                0x08012910       0x36 ./USB_DEVICE/Target/usbd_conf.o
                0x08012910                USBD_LL_Start
 .text.USBD_LL_OpenEP
                0x08012946       0x4c ./USB_DEVICE/Target/usbd_conf.o
                0x08012946                USBD_LL_OpenEP
 .text.USBD_LL_CloseEP
                0x08012992       0x3e ./USB_DEVICE/Target/usbd_conf.o
                0x08012992                USBD_LL_CloseEP
 .text.USBD_LL_StallEP
                0x080129d0       0x3e ./USB_DEVICE/Target/usbd_conf.o
                0x080129d0                USBD_LL_StallEP
 .text.USBD_LL_ClearStallEP
                0x08012a0e       0x3e ./USB_DEVICE/Target/usbd_conf.o
                0x08012a0e                USBD_LL_ClearStallEP
 .text.USBD_LL_IsStallEP
                0x08012a4c       0x58 ./USB_DEVICE/Target/usbd_conf.o
                0x08012a4c                USBD_LL_IsStallEP
 .text.USBD_LL_SetUSBAddress
                0x08012aa4       0x3e ./USB_DEVICE/Target/usbd_conf.o
                0x08012aa4                USBD_LL_SetUSBAddress
 .text.USBD_LL_Transmit
                0x08012ae2       0x42 ./USB_DEVICE/Target/usbd_conf.o
                0x08012ae2                USBD_LL_Transmit
 .text.USBD_LL_PrepareReceive
                0x08012b24       0x42 ./USB_DEVICE/Target/usbd_conf.o
                0x08012b24                USBD_LL_PrepareReceive
 .text.USBD_LL_GetRxDataSize
                0x08012b66       0x26 ./USB_DEVICE/Target/usbd_conf.o
                0x08012b66                USBD_LL_GetRxDataSize
 .text.USBD_static_malloc
                0x08012b8c       0x1c ./USB_DEVICE/Target/usbd_conf.o
                0x08012b8c                USBD_static_malloc
 .text.USBD_static_free
                0x08012ba8       0x14 ./USB_DEVICE/Target/usbd_conf.o
                0x08012ba8                USBD_static_free
 .text.USBD_Get_USB_Status
                0x08012bbc       0x58 ./USB_DEVICE/Target/usbd_conf.o
                0x08012bbc                USBD_Get_USB_Status
 .text.fmaxf    0x08012c14       0x50 C:/ST/STM32CubeIDE_2.0.0/STM32CubeIDE/plugins/com.st.stm32cube.ide.mcu.externaltools.gnu-tools-for-stm32.14.3.rel1.win32_1.0.100.202602081740/tools/bin/../lib/gcc/arm-none-eabi/14.3.1/../../../../arm-none-eabi/lib/thumb/v7e-m+fp/hard\libm.a(libm_a-sf_fmax.o)
                0x08012c14                fmaxf
 .text.__fpclassifyf
                0x08012c64       0x38 C:/ST/STM32CubeIDE_2.0.0/STM32CubeIDE/plugins/com.st.stm32cube.ide.mcu.externaltools.gnu-tools-for-stm32.14.3.rel1.win32_1.0.100.202602081740/tools/bin/../lib/gcc/arm-none-eabi/14.3.1/../../../../arm-none-eabi/lib/thumb/v7e-m+fp/hard\libm.a(libm_a-sf_fpclassify.o)
                0x08012c64                __fpclassifyf
 .text.memset   0x08012c9c       0x10 C:/ST/STM32CubeIDE_2.0.0/STM32CubeIDE/plugins/com.st.stm32cube.ide.mcu.externaltools.gnu-tools-for-stm32.14.3.rel1.win32_1.0.100.202602081740/tools/bin/../lib/gcc/arm-none-eabi/14.3.1/../../../../arm-none-eabi/lib/thumb/v7e-m+fp/hard\libc_nano.a(libc_a-memset.o)
                0x08012c9c                memset
 .text._reclaim_reent
                0x08012cac       0xbc C:/ST/STM32CubeIDE_2.0.0/STM32CubeIDE/plugins/com.st.stm32cube.ide.mcu.externaltools.gnu-tools-for-stm32.14.3.rel1.win32_1.0.100.202602081740/tools/bin/../lib/gcc/arm-none-eabi/14.3.1/../../../../arm-none-eabi/lib/thumb/v7e-m+fp/hard\libc_nano.a(libc_a-reent.o)
                0x08012cac                _reclaim_reent
 .text.__libc_init_array
                0x08012d68       0x48 C:/ST/STM32CubeIDE_2.0.0/STM32CubeIDE/plugins/com.st.stm32cube.ide.mcu.externaltools.gnu-tools-for-stm32.14.3.rel1.win32_1.0.100.202602081740/tools/bin/../lib/gcc/arm-none-eabi/14.3.1/../../../../arm-none-eabi/lib/thumb/v7e-m+fp/hard\libc_nano.a(libc_a-init.o)
                0x08012d68                __libc_init_array
 .text.__retarget_lock_acquire_recursive
                0x08012db0        0x2 C:/ST/STM32CubeIDE_2.0.0/STM32CubeIDE/plugins/com.st.stm32cube.ide.mcu.externaltools.gnu-tools-for-stm32.14.3.rel1.win32_1.0.100.202602081740/tools/bin/../lib/gcc/arm-none-eabi/14.3.1/../../../../arm-none-eabi/lib/thumb/v7e-m+fp/hard\libc_nano.a(libc_a-lock.o)
                0x08012db0                __retarget_lock_acquire_recursive
 .text.__retarget_lock_release_recursive
                0x08012db2        0x2 C:/ST/STM32CubeIDE_2.0.0/STM32CubeIDE/plugins/com.st.stm32cube.ide.mcu.externaltools.gnu-tools-for-stm32.14.3.rel1.win32_1.0.100.202602081740/tools/bin/../lib/gcc/arm-none-eabi/14.3.1/../../../../arm-none-eabi/lib/thumb/v7e-m+fp/hard\libc_nano.a(libc_a-lock.o)
                0x08012db2                __retarget_lock_release_recursive
 .text.memcpy   0x08012db4       0x1c C:/ST/STM32CubeIDE_2.0.0/STM32CubeIDE/plugins/com.st.stm32cube.ide.mcu.externaltools.gnu-tools-for-stm32.14.3.rel1.win32_1.0.100.202602081740/tools/bin/../lib/gcc/arm-none-eabi/14.3.1/../../../../arm-none-eabi/lib/thumb/v7e-m+fp/hard\libc_nano.a(libc_a-memcpy-stub.o)
                0x08012db4                memcpy
 .text._free_r  0x08012dd0       0x94 C:/ST/STM32CubeIDE_2.0.0/STM32CubeIDE/plugins/com.st.stm32cube.ide.mcu.externaltools.gnu-tools-for-stm32.14.3.rel1.win32_1.0.100.202602081740/tools/bin/../lib/gcc/arm-none-eabi/14.3.1/../../../../arm-none-eabi/lib/thumb/v7e-m+fp/hard\libc_nano.a(libc_a-freer.o)
                0x08012dd0                _free_r
 .text.__malloc_lock
                0x08012e64        0xc C:/ST/STM32CubeIDE_2.0.0/STM32CubeIDE/plugins/com.st.stm32cube.ide.mcu.externaltools.gnu-tools-for-stm32.14.3.rel1.win32_1.0.100.202602081740/tools/bin/../lib/gcc/arm-none-eabi/14.3.1/../../../../arm-none-eabi/lib/thumb/v7e-m+fp/hard\libc_nano.a(libc_a-mlock.o)
                0x08012e64                __malloc_lock
 .text.__malloc_unlock
                0x08012e70        0xc C:/ST/STM32CubeIDE_2.0.0/STM32CubeIDE/plugins/com.st.stm32cube.ide.mcu.externaltools.gnu-tools-for-stm32.14.3.rel1.win32_1.0.100.202602081740/tools/bin/../lib/gcc/arm-none-eabi/14.3.1/../../../../arm-none-eabi/lib/thumb/v7e-m+fp/hard\libc_nano.a(libc_a-mlock.o)
                0x08012e70                __malloc_unlock
 *(.glue_7)
 .glue_7        0x08012e7c        0x0 linker stubs
 *(.glue_7t)
 .glue_7t       0x08012e7c        0x0 linker stubs
 *(.eh_frame)
 .eh_frame      0x08012e7c        0x0 C:/ST/STM32CubeIDE_2.0.0/STM32CubeIDE/plugins/com.st.stm32cube.ide.mcu.externaltools.gnu-tools-for-stm32.14.3.rel1.win32_1.0.100.202602081740/tools/bin/../lib/gcc/arm-none-eabi/14.3.1/thumb/v7e-m+fp/hard/crtbegin.o
 *(.init)
 .init          0x08012e7c        0x4 C:/ST/STM32CubeIDE_2.0.0/STM32CubeIDE/plugins/com.st.stm32cube.ide.mcu.externaltools.gnu-tools-for-stm32.14.3.rel1.win32_1.0.100.202602081740/tools/bin/../lib/gcc/arm-none-eabi/14.3.1/thumb/v7e-m+fp/hard/crti.o
                0x08012e7c                _init
 .init          0x08012e80        0x8 C:/ST/STM32CubeIDE_2.0.0/STM32CubeIDE/plugins/com.st.stm32cube.ide.mcu.externaltools.gnu-tools-for-stm32.14.3.rel1.win32_1.0.100.202602081740/tools/bin/../lib/gcc/arm-none-eabi/14.3.1/thumb/v7e-m+fp/hard/crtn.o
 *(.fini)
 .fini          0x08012e88        0x4 C:/ST/STM32CubeIDE_2.0.0/STM32CubeIDE/plugins/com.st.stm32cube.ide.mcu.externaltools.gnu-tools-for-stm32.14.3.rel1.win32_1.0.100.202602081740/tools/bin/../lib/gcc/arm-none-eabi/14.3.1/thumb/v7e-m+fp/hard/crti.o
                0x08012e88                _fini
 .fini          0x08012e8c        0x8 C:/ST/STM32CubeIDE_2.0.0/STM32CubeIDE/plugins/com.st.stm32cube.ide.mcu.externaltools.gnu-tools-for-stm32.14.3.rel1.win32_1.0.100.202602081740/tools/bin/../lib/gcc/arm-none-eabi/14.3.1/thumb/v7e-m+fp/hard/crtn.o
                0x08012e94                        . = ALIGN (0x4)
                0x08012e94                        _etext = .

.vfp11_veneer   0x08012e94        0x0
 .vfp11_veneer  0x08012e94        0x0 linker stubs

.v4_bx          0x08012e94        0x0
 .v4_bx         0x08012e94        0x0 linker stubs

.iplt           0x08012e94        0x0
 .iplt          0x08012e94        0x0 C:/ST/STM32CubeIDE_2.0.0/STM32CubeIDE/plugins/com.st.stm32cube.ide.mcu.externaltools.gnu-tools-for-stm32.14.3.rel1.win32_1.0.100.202602081740/tools/bin/../lib/gcc/arm-none-eabi/14.3.1/thumb/v7e-m+fp/hard/crtbegin.o

.rodata         0x08012e94      0x2b8
                0x08012e94                        . = ALIGN (0x4)
 *(.rodata)
 .rodata        0x08012e94       0x10 ./Core/Src/freertos.o
 .rodata        0x08012ea4        0x5 ./Middlewares/Third_Party/FreeRTOS/Source/tasks.o
 *fill*         0x08012ea9        0x3 
 .rodata        0x08012eac        0xd ./Middlewares/Third_Party/FreeRTOS/Source/timers.o
 *fill*         0x08012eb9        0x3 
 .rodata        0x08012ebc       0x46 ./USB_DEVICE/App/usbd_desc.o
 *(.rodata*)
 *fill*         0x08012f02        0x2 
 .rodata._ZL9angles_M1
                0x08012f04       0x50 ./Core/Src/RobotCore.o
 .rodata._ZL7adcs_M1
                0x08012f54       0x50 ./Core/Src/RobotCore.o
 .rodata._ZL9angles_M2
                0x08012fa4       0x68 ./Core/Src/RobotCore.o
 .rodata._ZL7adcs_M2
                0x0801300c       0x68 ./Core/Src/RobotCore.o
 .rodata._ZL13JOINT_ALLOWED
                0x08013074       0x10 ./Core/Src/RobotCore.o
 .rodata._ZL12HOME_OFFSETS
                0x08013084       0x10 ./Core/Src/RobotCore.o
 .rodata._ZL17ENCODER_DIRECTION
                0x08013094       0x10 ./Core/Src/RobotCore.o
 .rodata._ZL12MUX_CHANNELS
                0x080130a4       0x10 ./Core/Src/RobotCore.o
 .rodata._ZL6Kp_enc
                0x080130b4       0x10 ./Core/Src/RobotCore.o
 .rodata._ZL6Ki_enc
                0x080130c4       0x10 ./Core/Src/RobotCore.o
 .rodata._ZL6Kd_enc
                0x080130d4       0x10 ./Core/Src/RobotCore.o
 .rodata.rosTask_attributes
                0x080130e4       0x24 ./Core/Src/freertos.o
                0x080130e4                rosTask_attributes
 .rodata.pidTask_attributes
                0x08013108       0x24 ./Core/Src/freertos.o
                0x08013108                pidTask_attributes
 .rodata.AHBPrescTable
                0x0801312c       0x10 ./Core/Src/system_stm32f4xx.o
                0x0801312c                AHBPrescTable
 .rodata.APBPrescTable
                0x0801313c        0x8 ./Core/Src/system_stm32f4xx.o
                0x0801313c                APBPrescTable
 .rodata.flagBitshiftOffset.0
                0x08013144        0x8 ./Drivers/STM32F4xx_HAL_Driver/Src/stm32f4xx_hal_dma.o
                0x0801314c                        . = ALIGN (0x4)

.ARM.extab      0x0801314c        0x0
                0x0801314c                        . = ALIGN (0x4)
 *(.ARM.extab* .gnu.linkonce.armextab.*)
                0x0801314c                        . = ALIGN (0x4)

.ARM            0x0801314c        0x8
                0x0801314c                        . = ALIGN (0x4)
                0x0801314c                        __exidx_start = .
 *(.ARM.exidx*)
 .ARM.exidx     0x0801314c        0x8 C:/ST/STM32CubeIDE_2.0.0/STM32CubeIDE/plugins/com.st.stm32cube.ide.mcu.externaltools.gnu-tools-for-stm32.14.3.rel1.win32_1.0.100.202602081740/tools/bin/../lib/gcc/arm-none-eabi/14.3.1/thumb/v7e-m+fp/hard\libgcc.a(_udivmoddi4.o)
                0x08013154                        __exidx_end = .
                0x08013154                        . = ALIGN (0x4)

.preinit_array  0x08013154        0x0
                0x08013154                        . = ALIGN (0x4)
                0x08013154                        PROVIDE (__preinit_array_start = .)
 *(.preinit_array*)
                0x08013154                        PROVIDE (__preinit_array_end = .)
                0x08013154                        . = ALIGN (0x4)

.init_array     0x08013154        0x8
                0x08013154                        . = ALIGN (0x4)
                0x08013154                        PROVIDE (__init_array_start = .)
 *(SORT_BY_NAME(.init_array.*))
 *(.init_array*)
 .init_array    0x08013154        0x4 C:/ST/STM32CubeIDE_2.0.0/STM32CubeIDE/plugins/com.st.stm32cube.ide.mcu.externaltools.gnu-tools-for-stm32.14.3.rel1.win32_1.0.100.202602081740/tools/bin/../lib/gcc/arm-none-eabi/14.3.1/thumb/v7e-m+fp/hard/crtbegin.o
 .init_array    0x08013158        0x4 ./Core/Src/RobotCore.o
                0x0801315c                        PROVIDE (__init_array_end = .)
                0x0801315c                        . = ALIGN (0x4)

.fini_array     0x0801315c        0x4
                0x0801315c                        . = ALIGN (0x4)
                [!provide]                        PROVIDE (__fini_array_start = .)
 *(SORT_BY_NAME(.fini_array.*))
 *(.fini_array*)
 .fini_array    0x0801315c        0x4 C:/ST/STM32CubeIDE_2.0.0/STM32CubeIDE/plugins/com.st.stm32cube.ide.mcu.externaltools.gnu-tools-for-stm32.14.3.rel1.win32_1.0.100.202602081740/tools/bin/../lib/gcc/arm-none-eabi/14.3.1/thumb/v7e-m+fp/hard/crtbegin.o
                [!provide]                        PROVIDE (__fini_array_end = .)
                0x08013160                        . = ALIGN (0x4)
                0x08013160                        _sidata = LOADADDR (.data)

.rel.dyn        0x08013160        0x0
 .rel.iplt      0x08013160        0x0 C:/ST/STM32CubeIDE_2.0.0/STM32CubeIDE/plugins/com.st.stm32cube.ide.mcu.externaltools.gnu-tools-for-stm32.14.3.rel1.win32_1.0.100.202602081740/tools/bin/../lib/gcc/arm-none-eabi/14.3.1/thumb/v7e-m+fp/hard/crtbegin.o

.data           0x20000000      0x198 load address 0x08013160
                0x20000000                        . = ALIGN (0x4)
                0x20000000                        _sdata = .
 *(.data)
 *(.data*)